Command: C:\Espressif\python_env\idf5.5_py3.11_env\Scripts\python.exe C:\Espressif\frameworks\esp-idf-v5.5.4\tools/idf_monitor.py -p COM15 -b 115200 --toolchain-prefix xtensa-esp32s3-elf- --target esp32s3 --revision 0 C:\Espressif\frameworks\esp-idf-v5.5.4\esp-who\examples\object_detect\build\object_detect.elf C:\Espressif\frameworks\esp-idf-v5.5.4\esp-who\examples\object_detect\build\bootloader\bootloader.elf --force-color -m 'C:\Espressif\python_env\idf5.5_py3.11_env\Scripts\python.exe' 'C:\Espressif\frameworks\esp-idf-v5.5.4\tools\idf.py'
ESP-ROM:esp32s3-20210327
Build:Mar 27 2021
rst:0x1 (POWERON),boot:0x8 (SPI_FAST_FLASH_BOOT)
SPIWP:0xee
mode:DIO, clock div:1
load:0x3fce2820,len:0x1668
load:0x403c8700,len:0xec0
load:0x403cb700,len:0x317c
entry 0x403c894c
[0;32mI (24) boot: ESP-IDF v5.5.4 2nd stage bootloader[0m
[0;32mI (25) boot: compile time May 18 2026 18:15:35[0m
[0;32mI (25) boot: Multicore bootloader[0m
[0;32mI (25) boot: chip revision: v0.2[0m
[0;32mI (28) boot: efuse block revision: v1.4[0m
[0;32mI (31) qio_mode: Enabling default flash chip QIO[0m
[0;32mI (36) boot.esp32s3: Boot SPI Speed : 80MHz[0m
[0;32mI (40) boot.esp32s3: SPI Mode       : QIO[0m
[0;32mI (43) boot.esp32s3: SPI Flash Size : 16MB[0m
[0;32mI (47) boot: Enabling RNG early entropy source...[0m
[0;32mI (52) boot: Partition Table:[0m
[0;32mI (54) boot: ## Label            Usage          Type ST Offset   Length[0m
[0;32mI (61) boot:  0 nvs              WiFi data        01 02 00009000 00006000[0m
[0;32mI (67) boot:  1 phy_init         RF data          01 01 0000f000 00001000[0m
[0;32mI (74) boot:  2 factory          factory app      00 00 00010000 007d0000[0m
[0;32mI (80) boot: End of partition table[0m
[0;32mI (83) esp_image: segment 0: paddr=00010020 vaddr=3c150020 size=89a10h (563728) map[0m
[0;32mI (174) esp_image: segment 1: paddr=00099a38 vaddr=3fc9ac00 size=05e98h ( 24216) load[0m
[0;32mI (179) esp_image: segment 2: paddr=0009f8d8 vaddr=40378000 size=00740h (  1856) load[0m
[0;32mI (180) esp_image: segment 3: paddr=000a0020 vaddr=42000020 size=1423fch (1319932) map[0m
[0;32mI (382) esp_image: segment 4: paddr=001e2424 vaddr=40378740 size=12448h ( 74824) load[0m
[0;32mI (396) esp_image: segment 5: paddr=001f4874 vaddr=50000000 size=00020h (    32) load[0m
[0;32mI (404) boot: Loaded app from partition at offset 0x10000[0m
[0;32mI (405) boot: Disabling RNG early entropy source...[0m
[0;32mI (415) octal_psram: vendor id    : 0x0d (AP)[0m
[0;32mI (415) octal_psram: dev id       : 0x02 (generation 3)[0m
[0;32mI (415) octal_psram: density      : 0x03 (64 Mbit)[0m
[0;32mI (417) octal_psram: good-die     : 0x01 (Pass)[0m
[0;32mI (421) octal_psram: Latency      : 0x01 (Fixed)[0m
[0;32mI (426) octal_psram: VCC          : 0x01 (3V)[0m
[0;32mI (430) octal_psram: SRF          : 0x01 (Fast Refresh)[0m
[0;32mI (435) octal_psram: BurstType    : 0x01 (Hybrid Wrap)[0m
[0;32mI (439) octal_psram: BurstLen     : 0x01 (32 Byte)[0m
[0;32mI (444) octal_psram: Readlatency  : 0x02 (10 cycles@Fixed)[0m
[0;32mI (449) octal_psram: DriveStrength: 0x00 (1/1)[0m
[0;32mI (453) MSPI Timing: Enter psram timing tuning[0m
[0;32mI (458) esp_psram: Found 8MB PSRAM device[0m
[0;32mI (461) esp_psram: Speed: 80MHz[0m
[0;32mI (498) mmu_psram: Read only data copied and mapped to SPIRAM[0m
[0;32mI (589) mmu_psram: Instructions copied and mapped to SPIRAM[0m
[0;32mI (590) cpu_start: Multicore app[0m
[0;32mI (808) esp_psram: SPI SRAM memory test OK[0m
[0;32mI (816) cpu_start: GPIO 44 and 43 are used as console UART I/O pins[0m
[0;32mI (817) cpu_start: Pro cpu start user code[0m
[0;32mI (817) cpu_start: cpu freq: 240000000 Hz[0m
[0;32mI (819) app_init: Application information:[0m
[0;32mI (823) app_init: Project name:     object_detect[0m
[0;32mI (827) app_init: App version:      v0.9.4-256-g68f9e6b-dirty[0m
[0;32mI (832) app_init: Compile time:     May 19 2026 10:32:34[0m
[0;32mI (838) app_init: ELF file SHA256:  bc965b5a2...[0m
[0;32mI (842) app_init: ESP-IDF:          v5.5.4[0m
[0;32mI (846) efuse_init: Min chip rev:     v0.0[0m
[0;32mI (849) efuse_init: Max chip rev:     v0.99 [0m
[0;32mI (853) efuse_init: Chip rev:         v0.2[0m
[0;32mI (857) heap_init: Initializing. RAM available for dynamic allocation:[0m
[0;32mI (864) heap_init: At 3FCA4278 len 00045498 (277 KiB): RAM[0m
[0;32mI (869) heap_init: At 3FCE9710 len 00005724 (21 KiB): RAM[0m
[0;32mI (874) esp_psram: Adding pool of 6272K of PSRAM memory to heap allocator[0m
[0;32mI (880) esp_psram: Adding pool of 25K of PSRAM memory gap generated due to end address alignment of drom to the heap allocator[0m
[0;32mI (892) spi_flash: detected chip: boya[0m
[0;32mI (895) spi_flash: flash io: qio[0m
[0;32mI (898) sleep_gpio: Configure to isolate all GPIO pins in sleep state[0m
[0;32mI (904) sleep_gpio: Enable automatic switching of GPIO sleep configuration[0m
[0;32mI (911) main_task: Started on CPU0[0m
[0;32mI (924) esp_psram: Reserving pool of 32K of internal memory for DMA/internal allocations[0m
[0;32mI (924) main_task: Calling app_main()[0m
[0;32mI (1925) MAIN: Boot time set: 2026-05-17 10:00:00[0m
[0;32mI (1925) MAIN: === Person Detection + Light Control ===[0m
[0;32mI (1925) MAIN: Frame sample rate  : every 7 frames[0m
[0;32mI (1927) MAIN: Confirm window     : 2 consecutive frames[0m
[0;32mI (1932) MAIN: Score threshold    : 0.60[0m
[0;32mI (1936) MAIN: Brightness thresh  : 100[0m
[0;32mI (1940) MAIN: SD max usage       : 12000 MB[0m
[0;32mI (1944) MAIN: Person trigger GPIO: GPIO 47 | direct HIGH/LOW (no timer)[0m
[0;32mI (1950) MAIN: Person trigger GPIO enabled: GPIO 47 (direct HIGH/LOW, no timer)[0m
[0;33mW (1957) S3-EYE: Warning: Long filenames on SD card are disabled in menuconfig![0m
[1;31mE (1991) sdmmc_common: sdmmc_init_ocr: send_op_cond (1) returned 0x107[0m
[1;31mE (1991) vfs_fat_sdmmc: sdmmc_card_init failed (0x107).[0m
[0;33mW (1991) MAIN: SD not available - saving disabled[0m
[0;32mI (1996) LightController: Initialized on GPIO21 | threshold=100 | active_HIGH[0m
[0;32mI (2002) MAIN: Loading model...[0m
[0;33mW (2006) FbsLoader: There is only one model in the flatbuffers, ignore the input model name![0m
[0;33mW (2013) FbsLoader: CONFIG_SPIRAM_RODATA or CONFIG_SPIRAM_XIP_FROM_PSRAM option is on, fbs model is copied to PSRAM.[0m
[0;33mW (2111) dl::Model: Minimize() will delete variables not used in model inference, which will make it impossible to test or debug the model.[0m
[0;32mI (2114) MAIN: Model ready.[0m
[0;32mI (2116) s3 ll_cam: DMA Channel=0[0m
[0;32mI (2118) cam_hal: cam init ok[0m
[0;32mI (5132) camera: Camera PID=0x3660 VER=0x00 MIDL=0x00 MIDH=0x00[0m
[0;32mI (5132) camera: Detected OV3660 camera[0m
[0;32mI (5132) camera: Detected camera at address=0x3c[0m
[0;32mI (5440) cam_hal: PSRAM DMA mode enabled[0m
[0;32mI (5440) s3 ll_cam: node_size: 3840, nodes_per_line: 1, lines_per_node: 8[0m
[0;32mI (5440) s3 ll_cam: dma_half_buffer_min:  3840, dma_half_buffer: 11520, lines_per_half_buffer: 24, dma_buffer_size: 115200[0m
[0;32mI (5449) cam_hal: buffer_size: 115200, half_buffer_size: 11520, node_buffer_size: 3840, node_cnt: 30, total_cnt: 11[0m
[0;32mI (5459) cam_hal: Allocating 126736 Byte frame buffer in PSRAM[0m
[0;32mI (5465) cam_hal: Frame[0]: Offset: 16, Addr: 0x3C26C0A0[0m
[0;32mI (5470) cam_hal: Allocating 126736 Byte frame buffer in PSRAM[0m
[0;32mI (5476) cam_hal: Frame[1]: Offset: 16, Addr: 0x3C28AFD0[0m
[0;32mI (5481) cam_hal: Allocating 126736 Byte frame buffer in PSRAM[0m
[0;32mI (5486) cam_hal: Frame[2]: Offset: 16, Addr: 0x3C2A9F00[0m
[0;32mI (5491) cam_hal: Allocating 126736 Byte frame buffer in PSRAM[0m
[0;32mI (5497) cam_hal: Frame[3]: Offset: 16, Addr: 0x3C2C8E30[0m
[0;32mI (5502) cam_hal: Allocating 126736 Byte frame buffer in PSRAM[0m
[0;32mI (5507) cam_hal: Frame[4]: Offset: 16, Addr: 0x3C2E7D60[0m
[0;32mI (5513) cam_hal: cam config ok[0m
[0;32mI (5527) ov3660: Calculated VCO: 128000000 Hz, PLLCLK: 128000000 Hz, SYSCLK: 32000000 Hz, PCLK: 8000000 Hz[0m
[0;32mI (5544) s3 ll_cam: DMA Channel=0[0m
[0;32mI (5544) cam_hal: cam init ok[0m
[0;32mI (8555) camera: Camera PID=0x3660 VER=0x00 MIDL=0x00 MIDH=0x00[0m
[0;32mI (8555) camera: Detected OV3660 camera[0m
[0;32mI (8555) camera: Detected camera at address=0x3c[0m
[1;31mE (9728) i2c.master: I2C bus is still busy but software timeout detected[0m
[1;31mE (9728) sccb-ng: W [580a]=09 fail[0m

[1;31mE (9728) camera: Camera probe failed with error 0xffffffff(ESP_FAIL)[0m
ESP_ERROR_CHECK failed: esp_err_t 0xffffffff (ESP_FAIL) at 0x4200ca70
file: "/IDF/esp-who/components/who_peripherals/who_cam/who_s3_cam/who_s3_cam.cpp" line 27
func: who::cam::WhoS3Cam::WhoS3Cam(pixformat_t, framesize_t, uint8_t, bool, bool)
expression: esp_camera_set_psram_mode(true)

abort() was called at PC 0x4038109b on core 0


Backtrace: 0x403810d9:0x3fca7ad0 0x403810a5:0x3fca7af0 0x4038852a:0x3fca7b10 0x4038109b:0x3fca7b80 0x4200ca70:0x3fca7bb0 0x4200bf94:0x3fca7c60 0x4200b8dd:0x3fca7c90 0x421417b7:0x3fca7d50




ELF file SHA256: bc965b5a2

Rebooting...
���ESP-ROM:esp32s3-20210327
Build:Mar 27 2021
rst:0xc (RTC_SW_CPU_RST),boot:0x8 (SPI_FAST_FLASH_BOOT)
Saved PC:0x40381268
SPIWP:0xee
mode:DIO, clock div:1
load:0x3fce2820,len:0x1668
load:0x403c8700,len:0xec0
load:0x403cb700,len:0x317c
entry 0x403c894c
[0;32mI (29) boot: ESP-IDF v5.5.4 2nd stage bootloader[0m
[0;32mI (29) boot: compile time May 18 2026 18:15:35[0m
[0;32mI (29) boot: Multicore bootloader[0m
[0;32mI (29) boot: chip revision: v0.2[0m
[0;32mI (32) boot: efuse block revision: v1.4[0m
[0;32mI (36) qio_mode: Enabling default flash chip QIO[0m
[0;32mI (40) boot.esp32s3: Boot SPI Speed : 80MHz[0m
[0;32mI (44) boot.esp32s3: SPI Mode       : QIO[0m
[0;32mI (48) boot.esp32s3: SPI Flash Size : 16MB[0m
[0;32mI (51) boot: Enabling RNG early entropy source...[0m
[0;32mI (56) boot: Partition Table:[0m
[0;32mI (59) boot: ## Label            Usage          Type ST Offset   Length[0m
[0;32mI (65) boot:  0 nvs              WiFi data        01 02 00009000 00006000[0m
[0;32mI (71) boot:  1 phy_init         RF data          01 01 0000f000 00001000[0m
[0;32mI (78) boot:  2 factory          factory app      00 00 00010000 007d0000[0m
[0;32mI (84) boot: End of partition table[0m
[0;32mI (88) esp_image: segment 0: paddr=00010020 vaddr=3c150020 size=89a10h (563728) map[0m
[0;32mI (179) esp_image: segment 1: paddr=00099a38 vaddr=3fc9ac00 size=05e98h ( 24216) load[0m
[0;32mI (183) esp_image: segment 2: paddr=0009f8d8 vaddr=40378000 size=00740h (  1856) load[0m
[0;32mI (184) esp_image: segment 3: paddr=000a0020 vaddr=42000020 size=1423fch (1319932) map[0m
[0;32mI (386) esp_image: segment 4: paddr=001e2424 vaddr=40378740 size=12448h ( 74824) load[0m
[0;32mI (401) esp_image: segment 5: paddr=001f4874 vaddr=50000000 size=00020h (    32) load[0m
[0;32mI (409) boot: Loaded app from partition at offset 0x10000[0m
[0;32mI (409) boot: Disabling RNG early entropy source...[0m
[0;32mI (419) octal_psram: vendor id    : 0x0d (AP)[0m
[0;32mI (419) octal_psram: dev id       : 0x02 (generation 3)[0m
[0;32mI (419) octal_psram: density      : 0x03 (64 Mbit)[0m
[0;32mI (421) octal_psram: good-die     : 0x01 (Pass)[0m
[0;32mI (425) octal_psram: Latency      : 0x01 (Fixed)[0m
[0;32mI (430) octal_psram: VCC          : 0x01 (3V)[0m
[0;32mI (434) octal_psram: SRF          : 0x01 (Fast Refresh)[0m
[0;32mI (439) octal_psram: BurstType    : 0x01 (Hybrid Wrap)[0m
[0;32mI (444) octal_psram: BurstLen     : 0x01 (32 Byte)[0m
[0;32mI (448) octal_psram: Readlatency  : 0x02 (10 cycles@Fixed)[0m
[0;32mI (453) octal_psram: DriveStrength: 0x00 (1/1)[0m
[0;32mI (458) MSPI Timing: Enter psram timing tuning[0m
[0;32mI (462) esp_psram: Found 8MB PSRAM device[0m
[0;32mI (465) esp_psram: Speed: 80MHz[0m
[0;32mI (502) mmu_psram: Read only data copied and mapped to SPIRAM[0m
[0;32mI (594) mmu_psram: Instructions copied and mapped to SPIRAM[0m
[0;32mI (594) cpu_start: Multicore app[0m
[0;32mI (813) esp_psram: SPI SRAM memory test OK[0m
[0;32mI (821) cpu_start: GPIO 44 and 43 are used as console UART I/O pins[0m
[0;32mI (821) cpu_start: Pro cpu start user code[0m
[0;32mI (821) cpu_start: cpu freq: 240000000 Hz[0m
[0;32mI (823) app_init: Application information:[0m
[0;32mI (827) app_init: Project name:     object_detect[0m
[0;32mI (831) app_init: App version:      v0.9.4-256-g68f9e6b-dirty[0m
[0;32mI (837) app_init: Compile time:     May 19 2026 10:32:34[0m
[0;32mI (842) app_init: ELF file SHA256:  bc965b5a2...[0m
[0;32mI (846) app_init: ESP-IDF:          v5.5.4[0m
[0;32mI (850) efuse_init: Min chip rev:     v0.0[0m
[0;32mI (854) efuse_init: Max chip rev:     v0.99 [0m
[0;32mI (858) efuse_init: Chip rev:         v0.2[0m
[0;32mI (862) heap_init: Initializing. RAM available for dynamic allocation:[0m
[0;32mI (868) heap_init: At 3FCA4278 len 00045498 (277 KiB): RAM[0m
[0;32mI (873) heap_init: At 3FCE9710 len 00005724 (21 KiB): RAM[0m
[0;32mI (878) esp_psram: Adding pool of 6272K of PSRAM memory to heap allocator[0m
[0;32mI (885) esp_psram: Adding pool of 25K of PSRAM memory gap generated due to end address alignment of drom to the heap allocator[0m
[0;32mI (896) spi_flash: detected chip: boya[0m
[0;32mI (899) spi_flash: flash io: qio[0m
[0;32mI (902) sleep_gpio: Configure to isolate all GPIO pins in sleep state[0m
[0;32mI (909) sleep_gpio: Enable automatic switching of GPIO sleep configuration[0m
[0;32mI (915) main_task: Started on CPU0[0m
[0;32mI (928) esp_psram: Reserving pool of 32K of internal memory for DMA/internal allocations[0m
[0;32mI (928) main_task: Calling app_main()[0m
[0;32mI (1929) MAIN: Boot time set: 2026-05-17 10:00:00[0m
[0;32mI (1929) MAIN: === Person Detection + Light Control ===[0m
[0;32mI (1929) MAIN: Frame sample rate  : every 7 frames[0m
[0;32mI (1931) MAIN: Confirm window     : 2 consecutive frames[0m
[0;32mI (1936) MAIN: Score threshold    : 0.60[0m
[0;32mI (1940) MAIN: Brightness thresh  : 100[0m
[0;32mI (1944) MAIN: SD max usage       : 12000 MB[0m
[0;32mI (1948) MAIN: Person trigger GPIO: GPIO 47 | direct HIGH/LOW (no timer)[0m
[0;32mI (1954) MAIN: Person trigger GPIO enabled: GPIO 47 (direct HIGH/LOW, no timer)[0m
[0;33mW (1961) S3-EYE: Warning: Long filenames on SD card are disabled in menuconfig![0m
[1;31mE (1995) sdmmc_common: sdmmc_init_ocr: send_op_cond (1) returned 0x107[0m
[1;31mE (1995) vfs_fat_sdmmc: sdmmc_card_init failed (0x107).[0m
[0;33mW (1995) MAIN: SD not available - saving disabled[0m
[0;32mI (2000) LightController: Initialized on GPIO21 | threshold=100 | active_HIGH[0m
[0;32mI (2006) MAIN: Loading model...[0m
[0;33mW (2010) FbsLoader: There is only one model in the flatbuffers, ignore the input model name![0m
[0;33mW (2017) FbsLoader: CONFIG_SPIRAM_RODATA or CONFIG_SPIRAM_XIP_FROM_PSRAM option is on, fbs model is copied to PSRAM.[0m
[0;33mW (2115) dl::Model: Minimize() will delete variables not used in model inference, which will make it impossible to test or debug the model.[0m
[0;32mI (2118) MAIN: Model ready.[0m
[0;32mI (2120) s3 ll_cam: DMA Channel=0[0m
[0;32mI (2122) cam_hal: cam init ok[0m
[1;31mE (5135) sccb-ng: SCCB_Write Failed addr:0x21, reg:0xff, data:0x01, ret:259[0m
[1;31mE (5135) sccb-ng: SCCB_Read Failed addr:0x21, reg:0x0a, data:0x60, ret:259[0m
[0;32mI (5137) ov7725: Mismatch PID=0x60[0m
[1;31mE (5140) sccb-ng: SCCB_Write Failed addr:0x21, reg:0xff, data:0x01, ret:259[0m
[1;31mE (5147) sccb-ng: SCCB_Read Failed addr:0x21, reg:0x0a, data:0x60, ret:259[0m
[0;32mI (5154) ov7760: Mismatch PID=0x60[0m
[1;31mE (5157) sccb-ng: SCCB_Read Failed addr:0x21, reg:0xf1, data:0x60, ret:259[0m
[1;31mE (5163) sccb-ng: SCCB_Read Failed addr:0x21, reg:0xf0, data:0x60, ret:259[0m
[0;32mI (5170) gc032a: Mismatch PID=0x6060[0m
[1;31mE (5173) sccb-ng: SCCB_Write Failed addr:0x21, reg:0xfe, data:0x00, ret:259[0m
[1;31mE (5180) sccb-ng: SCCB_R