Command: C:\Espressif\python_env\idf5.5_py3.11_env\Scripts\python.exe C:\Espressif\frameworks\esp-idf-v5.5.4\tools/idf_monitor.py -p COM13 -b 115200 --toolchain-prefix xtensa-esp32s3-elf- --target esp32s3 --revision 0 C:\Espressif\frameworks\esp-idf-v5.5.4\esp-who\examples\object_detect\build\object_detect.elf C:\Espressif\frameworks\esp-idf-v5.5.4\esp-who\examples\object_detect\build\bootloader\bootloader.elf --force-color -m 'C:\Espressif\python_env\idf5.5_py3.11_env\Scripts\python.exe' 'C:\Espressif\frameworks\esp-idf-v5.5.4\tools\idf.py'
ESP-ROM:esp32s3-20210327
Build:Mar 27 2021
rst:0x1 (POWERON),boot:0x8 (SPI_FAST_FLASH_BOOT)
SPIWP:0xee
mode:DIO, clock div:1
load:0x3fce2820,len:0x1668
load:0x403c8700,len:0xec0
load:0x403cb700,len:0x317c
entry 0x403c894c
[0;32mI (24) boot: ESP-IDF v5.5.4 2nd stage bootloader[0m
[0;32mI (25) boot: compile time May 18 2026 18:15:35[0m
[0;32mI (25) boot: Multicore bootloader[0m
[0;32mI (25) boot: chip revision: v0.2[0m
[0;32mI (28) boot: efuse block revision: v1.4[0m
[0;32mI (31) qio_mode: Enabling default flash chip QIO[0m
[0;32mI (36) boot.esp32s3: Boot SPI Speed : 80MHz[0m
[0;32mI (40) boot.esp32s3: SPI Mode       : QIO[0m
[0;32mI (43) boot.esp32s3: SPI Flash Size : 16MB[0m
[0;32mI (47) boot: Enabling RNG early entropy source...[0m
[0;32mI (52) boot: Partition Table:[0m
[0;32mI (54) boot: ## Label            Usage          Type ST Offset   Length[0m
[0;32mI (61) boot:  0 nvs              WiFi data        01 02 00009000 00006000[0m
[0;32mI (67) boot:  1 phy_init         RF data          01 01 0000f000 00001000[0m
[0;32mI (74) boot:  2 factory          factory app      00 00 00010000 007d0000[0m
[0;32mI (80) boot: End of partition table[0m
[0;32mI (83) esp_image: segment 0: paddr=00010020 vaddr=3c150020 size=89a10h (563728) map[0m
[0;32mI (174) esp_image: segment 1: paddr=00099a38 vaddr=3fc9ac00 size=05e98h ( 24216) load[0m
[0;32mI (179) esp_image: segment 2: paddr=0009f8d8 vaddr=40378000 size=00740h (  1856) load[0m
[0;32mI (180) esp_image: segment 3: paddr=000a0020 vaddr=42000020 size=1423fch (1319932) map[0m
[0;32mI (382) esp_image: segment 4: paddr=001e2424 vaddr=40378740 size=12448h ( 74824) load[0m
[0;32mI (396) esp_image: segment 5: paddr=001f4874 vaddr=50000000 size=00020h (    32) load[0m
[0;32mI (404) boot: Loaded app from partition at offset 0x10000[0m
[0;32mI (405) boot: Disabling RNG early entropy source...[0m
[0;32mI (415) octal_psram: vendor id    : 0x0d (AP)[0m
[0;32mI (415) octal_psram: dev id       : 0x02 (generation 3)[0m
[0;32mI (415) octal_psram: density      : 0x03 (64 Mbit)[0m
[0;32mI (417) octal_psram: good-die     : 0x01 (Pass)[0m
[0;32mI (421) octal_psram: Latency      : 0x01 (Fixed)[0m
[0;32mI (426) octal_psram: VCC          : 0x01 (3V)[0m
[0;32mI (430) octal_psram: SRF          : 0x01 (Fast Refresh)[0m
[0;32mI (435) octal_psram: BurstType    : 0x01 (Hybrid Wrap)[0m
[0;32mI (439) octal_psram: BurstLen     : 0x01 (32 Byte)[0m
[0;32mI (444) octal_psram: Readlatency  : 0x02 (10 cycles@Fixed)[0m
[0;32mI (449) octal_psram: DriveStrength: 0x00 (1/1)[0m
[0;32mI (453) MSPI Timing: Enter psram timing tuning[0m
[0;32mI (458) esp_psram: Found 8MB PSRAM device[0m
[0;32mI (461) esp_psram: Speed: 80MHz[0m
[0;32mI (498) mmu_psram: Read only data copied and mapped to SPIRAM[0m
[0;32mI (589) mmu_psram: Instructions copied and mapped to SPIRAM[0m
[0;32mI (590) cpu_start: Multicore app[0m
[0;32mI (808) esp_psram: SPI SRAM memory test OK[0m
[0;32mI (816) cpu_start: GPIO 44 and 43 are used as console UART I/O pins[0m
[0;32mI (817) cpu_start: Pro cpu start user code[0m
[0;32mI (817) cpu_start: cpu freq: 240000000 Hz[0m
[0;32mI (819) app_init: Application information:[0m
[0;32mI (823) app_init: Project name:     object_detect[0m
[0;32mI (827) app_init: App version:      v0.9.4-256-g68f9e6b-dirty[0m
[0;32mI (832) app_init: Compile time:     May 19 2026 10:32:34[0m
[0;32mI (838) app_init: ELF file SHA256:  bc965b5a2...[0m
[0;32mI (842) app_init: ESP-IDF:          v5.5.4[0m
[0;32mI (846) efuse_init: Min chip rev:     v0.0[0m
[0;32mI (849) efuse_init: Max chip rev:     v0.99 [0m
[0;32mI (853) efuse_init: Chip rev:         v0.2[0m
[0;32mI (857) heap_init: Initializing. RAM available for dynamic allocation:[0m
[0;32mI (864) heap_init: At 3FCA4278 len 00045498 (277 KiB): RAM[0m
[0;32mI (869) heap_init: At 3FCE9710 len 00005724 (21 KiB): RAM[0m
[0;32mI (874) esp_psram: Adding pool of 6272K of PSRAM memory to heap allocator[0m
[0;32mI (880) esp_psram: Adding pool of 25K of PSRAM memory gap generated due to end address alignment of drom to the heap allocator[0m
[0;32mI (892) spi_flash: detected chip: boya[0m
[0;32mI (895) spi_flash: flash io: qio[0m
[0;32mI (898) sleep_gpio: Configure to isolate all GPIO pins in sleep state[0m
[0;32mI (904) sleep_gpio: Enable automatic switching of GPIO sleep configuration[0m
[0;32mI (911) main_task: Started on CPU0[0m
[0;32mI (924) esp_psram: Reserving pool of 32K of internal memory for DMA/internal allocations[0m
[0;32mI (924) main_task: Calling app_main()[0m
[0;32mI (1925) MAIN: Boot time set: 2026-05-17 10:00:00[0m
[0;32mI (1925) MAIN: === Person Detection + Light Control ===[0m
[0;32mI (1925) MAIN: Frame sample rate  : every 7 frames[0m
[0;32mI (1927) MAIN: Confirm window     : 2 consecutive frames[0m
[0;32mI (1932) MAIN: Score threshold    : 0.60[0m
[0;32mI (1936) MAIN: Brightness thresh  : 100[0m
[0;32mI (1940) MAIN: SD max usage       : 12000 MB[0m
[0;32mI (1944) MAIN: Person trigger GPIO: GPIO 47 | direct HIGH/LOW (no timer)[0m
[0;32mI (1950) MAIN: Person trigger GPIO enabled: GPIO 47 (direct HIGH/LOW, no timer)[0m
[0;33mW (1957) S3-EYE: Warning: Long filenames on SD card are disabled in menuconfig![0m
[0;32mI (2008) MAIN: Loaded state: 20260517_100000 | 217[0m
[0;32mI (2008) MAIN: Restored image counter: 217[0m
[0;32mI (2053) MAIN: SD ready: /sdcard/detections | Used: 1 MB / 12000 MB max[0m
[0;32mI (2054) LightController: Initialized on GPIO21 | threshold=100 | active_HIGH[0m
[0;32mI (2056) MAIN: Loading model...[0m
[0;33mW (2059) FbsLoader: There is only one model in the flatbuffers, ignore the input model name![0m
[0;33mW (2067) FbsLoader: CONFIG_SPIRAM_RODATA or CONFIG_SPIRAM_XIP_FROM_PSRAM option is on, fbs model is copied to PSRAM.[0m
[0;33mW (2165) dl::Model: Minimize() will delete variables not used in model inference, which will make it impossible to test or debug the model.[0m
[0;32mI (2168) MAIN: Model ready.[0m
[0;32mI (2169) s3 ll_cam: DMA Channel=0[0m
[0;32mI (2172) cam_hal: cam init ok[0m
[0;32mI (5185) camera: Camera PID=0x3660 VER=0x00 MIDL=0x00 MIDH=0x00[0m
[0;32mI (5185) camera: Detected OV3660 camera[0m
[0;32mI (5185) camera: Detected camera at address=0x3c[0m
[1;31mE (6369) i2c.master: I2C bus is still busy but software timeout detected[0m
[1;31mE (6369) sccb-ng: W [5823]=1e fail[0m

[1;31mE (6369) camera: Camera probe failed with error 0xffffffff(ESP_FAIL)[0m
ESP_ERROR_CHECK failed: esp_err_t 0xffffffff (ESP_FAIL) at 0x4200ca55
file: "/IDF/esp-who/components/who_peripherals/who_cam/who_s3_cam/who_s3_cam.cpp" line 26
func: who::cam::WhoS3Cam::WhoS3Cam(pixformat_t, framesize_t, uint8_t, bool, bool)
expression: esp_camera_init(&camera_config)

abort() was called at PC 0x4038109b on core 0


Backtrace: 0x403810d9:0x3fca7ad0 0x403810a5:0x3fca7af0 0x4038852a:0x3fca7b10 0x4038109b:0x3fca7b80 0x4200ca55:0x3fca7bb0 0x4200bf94:0x3fca7c60 0x4200b8dd:0x3fca7c90 0x421417b7:0x3fca7d50




ELF file SHA256: bc965b5a2

Rebooting...
���ESP-ROM:esp32s3-20210327
Build:Mar 27 2021
rst:0xc (RTC_SW_CPU_RST),boot:0x8 (SPI_FAST_FLASH_BOOT)
Saved PC:0x40381268
SPIWP:0xee
mode:DIO, clock div:1
load:0x3fce2820,len:0x1668
load:0x403c8700,len:0xec0
load:0x403cb700,len:0x317c
entry 0x403c894c
[0;32mI (29) boot: ESP-IDF v5.5.4 2nd stage bootloader[0m
[0;32mI (29) boot: compile time May 18 2026 18:15:35[0m
[0;32mI (29) boot: Multicore bootloader[0m
[0;32mI (29) boot: chip revision: v0.2[0m
[0;32mI (32) boot: efuse block revision: v1.4[0m
[0;32mI (36) qio_mode: Enabling default flash chip QIO[0m
[0;32mI (40) boot.esp32s3: Boot SPI Speed : 80MHz[0m
[0;32mI (44) boot.esp32s3: SPI Mode       : QIO[0m
[0;32mI (48) boot.esp32s3: SPI Flash Size : 16MB[0m
[0;32mI (51) boot: Enabling RNG early entropy source...[0m
[0;32mI (56) boot: Partition Table:[0m
[0;32mI (59) boot: ## Label            Usage          Type ST Offset   Length[0m
[0;32mI (65) boot:  0 nvs              WiFi data        01 02 00009000 00006000[0m
[0;32mI (71) boot:  1 phy_init         RF data          01 01 0000f000 00001000[0m
[0;32mI (78) boot:  2 factory          factory app      00 00 00010000 007d0000[0m
[0;32mI (84) boot: End of partition table[0m
[0;32mI (88) esp_image: segment 0: paddr=00010020 vaddr=3c150020 size=89a10h (563728) map[0m
[0;32mI (179) esp_image: segment 1: paddr=00099a38 vaddr=3fc9ac00 size=05e98h ( 24216) load[0m
[0;32mI (183) esp_image: segment 2: paddr=0009f8d8 vaddr=40378000 size=00740h (  1856) load[0m
[0;32mI (184) esp_image: segment 3: paddr=000a0020 vaddr=42000020 size=1423fch (1319932) map[0m
[0;32mI (386) esp_image: segment 4: paddr=001e2424 vaddr=40378740 size=12448h ( 74824) load[0m
[0;32mI (401) esp_image: segment 5: paddr=001f4874 vaddr=50000000 size=00020h (    32) load[0m
[0;32mI (409) boot: Loaded app from partition at offset 0x10000[0m
[0;32mI (409) boot: Disabling RNG early entropy source...[0m
[0;32mI (419) octal_psram: vendor id    : 0x0d (AP)[0m
[0;32mI (419) octal_psram: dev id       : 0x02 (generation 3)[0m
[0;32mI (419) octal_psram: density      : 0x03 (64 Mbit)[0m
[0;32mI (421) octal_psram: good-die     : 0x01 (Pass)[0m
[0;32mI (425) octal_psram: Latency      : 0x01 (Fixed)[0m
[0;32mI (430) octal_psram: VCC          : 0x01 (3V)[0m
[0;32mI (434) octal_psram: SRF          : 0x01 (Fast Refresh)[0m
[0;32mI (439) octal_psram: BurstType    : 0x01 (Hybrid Wrap)[0m
[0;32mI (444) octal_psram: BurstLen     : 0x01 (32 Byte)[0m
[0;32mI (448) octal_psram: Readlatency  : 0x02 (10 cycles@Fixed)[0m
[0;32mI (453) octal_psram: DriveStrength: 0x00 (1/1)[0m
[0;32mI (458) MSPI Timing: Enter psram timing tuning[0m
[0;32mI (462) esp_psram: Found 8MB PSRAM device[0m
[0;32mI (465) esp_psram: Speed: 80MHz[0m
[0;32mI (502) mmu_psram: Read only data copied and mapped to SPIRAM[0m
[0;32mI (594) mmu_psram: Instructions copied and mapped to SPIRAM[0m
[0;32mI (594) cpu_start: Multicore app[0m
[0;32mI (813) esp_psram: SPI SRAM memory test OK[0m
[0;32mI (821) cpu_start: GPIO 44 and 43 are used as console UART I/O pins[0m
[0;32mI (821) cpu_start: Pro cpu start user code[0m
[0;32mI (821) cpu_start: cpu freq: 240000000 Hz[0m
[0;32mI (823) app_init: Application information:[0m
[0;32mI (827) app_init: Project name:     object_detect[0m
[0;32mI (831) app_init: App version:      v0.9.4-256-g68f9e6b-dirty[0m
[0;32mI (837) app_init: Compile time:     May 19 2026 10:32:34[0m
[0;32mI (842) app_init: ELF file SHA256:  bc965b5a2...[0m
[0;32mI (846) app_init: ESP-IDF:          v5.5.4[0m
[0;32mI (850) efuse_init: Min chip rev:     v0.0[0m
[0;32mI (854) efuse_init: Max chip rev:     v0.99 [0m
[0;32mI (858) efuse_init: Chip rev:         v0.2[0m
[0;32mI (862) heap_init: Initializing. RAM available for dynamic allocation:[0m
[0;32mI (868) heap_init: At 3FCA4278 len 00045498 (277 KiB): RAM[0m
[0;32mI (873) heap_init: At 3FCE9710 len 00005724 (21 KiB): RAM[0m
[0;32mI (878) esp_psram: Adding pool of 6272K of PSRAM memory to heap allocator[0m
[0;32mI (885) esp_psram: Adding pool of 25K of PSRAM memory gap generated due to end address alignment of drom to the heap allocator[0m
[0;32mI (896) spi_flash: detected chip: boya[0m
[0;32mI (899) spi_flash: flash io: qio[0m
[0;32mI (902) sleep_gpio: Configure to isolate all GPIO pins in sleep state[0m
[0;32mI (909) sleep_gpio: Enable automatic switching of GPIO sleep configuration[0m
[0;32mI (915) main_task: Started on CPU0[0m
[0;32mI (928) esp_psram: Reserving pool of 32K of internal memory for DMA/internal allocations[0m
[0;32mI (928) main_task: Calling app_main()[0m
[0;32mI (1929) MAIN: Boot time set: 2026-05-17 10:00:00[0m
[0;32mI (1929) MAIN: === Person Detection + Light Control ===[0m
[0;32mI (1929) MAIN: Frame sample rate  : every 7 frames[0m
[0;32mI (1931) MAIN: Confirm window     : 2 consecutive frames[0m
[0;32mI (1936) MAIN: Score threshold    : 0.60[0m
[0;32mI (1940) MAIN: Brightness thresh  : 100[0m
[0;32mI (1944) MAIN: SD max usage       : 12000 MB[0m
[0;32mI (1948) MAIN: Person trigger GPIO: GPIO 47 | direct HIGH/LOW (no timer)[0m
[0;32mI (1954) MAIN: Person trigger GPIO enabled: GPIO 47 (direct HIGH/LOW, no timer)[0m
[0;33mW (1961) S3-EYE: Warning: Long filenames on SD card are disabled in menuconfig![0m
[0;32mI (2012) MAIN: Loaded state: 20260517_100000 | 217[0m
[0;32mI (2012) MAIN: Restored image counter: 217[0m
[0;32mI (2057) MAIN: SD ready: /sdcard/detections | Used: 1 MB / 12000 MB max[0m
[0;32mI (2058) LightController: Initialized on GPIO21 | threshold=100 | active_HIGH[0m
[0;32mI (2060) MAIN: Loading model...[0m
[0;33mW (2063) FbsLoader: There is only one model in the flatbuffers, ignore the input model name![0m
[0;33mW (2071) FbsLoader: CONFIG_SPIRAM_RODATA or CONFIG_SPIRAM_XIP_FROM_PSRAM option is on, fbs model is copied to PSRAM.[0m
[0;33mW (2169) dl::Model: Minimize() will delete variables not used in model inference, which will make it impossible to test or debug the model.[0m
[0;32mI (2172) MAIN: Model ready.[0m
[0;32mI (2173) s3 ll_cam: DMA Channel=0[0m
[0;32mI (2176) cam_hal: cam init ok[0m
[0;32mI (5189) camera: Camera PID=0x3660 VER=0x00 MIDL=0x00 MIDH=0x00[0m
[0;32mI (5189) camera: Detected OV3660 camera[0m
[0;32mI (5189) camera: Detected camera at address=0x3c[0m
[1;31mE (5364) sccb-ng: W [580f]=01 fail[0m

[1;31mE (5364) camera: Camera probe failed with error 0xffffffff(ESP_FAIL)[0m
ESP_ERROR_CHECK failed: esp_err_t 0xffffffff (ESP_FAIL) at 0x4200ca55
file: "/IDF/esp-who/components/who_peripherals/who_cam/who_s3_cam/who_s3_cam.cpp" line 26
func: who::cam::WhoS3Cam::WhoS3Cam(pixformat_t, framesize_t, uint8_t, bool, bool)
expression: esp_camera_init(&camera_config)

abort() was called at PC 0x4038109b on core 0


Backtrace: 0x403810d9:0x3fca7ad0 0x403810a5:0x3fca7af0 0x4038852a:0x3fca7b10 0x4038109b:0x3fca7b80 0x4200ca55:0x3fca7bb0 0x4200bf94:0x3fca7c60 0x4200b8dd:0x3fca7c90 0x421417b7:0x3fca7d50




ELF file SHA256: bc965b5a2

Rebooting...
���ESP-ROM:esp32s3-20210327
Build:Mar 27 2021
rst:0xc (RTC_SW_CPU_RST),boot:0x8 (SPI_FAST_FLASH_BOOT)
Saved PC:0x40381268
SPIWP:0xee
mode:DIO, clock div:1
load:0x3fce2820,len:0x1668
load:0x403c8700,len:0xec0
load:0x403cb700,len:0x317c
entry 0x403c894c
[0;32mI (29) boot: ESP-IDF v5.5.4 2nd stage bootloader[0m
[0;32mI (29) boot: compile time May 18 2026 18:15:35[0m
[0;32mI (29) boot: Multicore bootloader[0m
[0;32mI (29) boot: chip revision: v0.2[0m
[0;32mI (32) boot: efuse block revision: v1.4[0m
[0;32mI (36) qio_mode: Enabling default flash chip QIO[0m
[0;32mI (40) boot.esp32s3: Boot SPI Speed : 80MHz[0m
[0;32mI (44) boot.esp32s3: SPI Mode       : QIO[0m
[0;32mI (48) boot.esp32s3: SPI Flash Size : 16MB[0m
[0;32mI (51) boot: Enabling RNG early entropy source...[0m
[0;32mI (56) boot: Partition Table:[0m
[0;32mI (59) boot: ## Label            Usage          Type ST Offset   Length[0m
[0;32mI (65) boot:  0 nvs              WiFi data        01 02 00009000 00006000[0m
[0;32mI (71) boot:  1 phy_init         RF data          01 01 0000f000 00001000[0m
[0;32mI (78) boot:  2 factory          factory app      00 00 00010000 007d0000[0m
[0;32mI (84) boot: End of partition table[0m
[0;32mI (88) esp_image: segment 0: paddr=00010020 vaddr=3c150020 size=89a10h (563728) map[0m
[0;32mI (179) esp_image: segment 1: paddr=00099a38 vaddr=3fc9ac00 size=05e98h ( 24216) load[0m
[0;32mI (183) esp_image: segment 2: paddr=0009f8d8 vaddr=40378000 size=00740h (  1856) load[0m
[0;32mI (184) esp_image: segment 3: paddr=000a0020 vaddr=42000020 size=1423fch (1319932) map[0m
[0;32mI (386) esp_image: segment 4: paddr=001e2424 vaddr=40378740 size=12448h ( 74824) load[0m
[0;32mI (401) esp_image: segment 5: paddr=001f4874 vaddr=50000000 size=00020h (    32) load[0m
[0;32mI (409) boot: Loaded app from partition at offset 0x10000[0m
[0;32mI (409) boot: Disabling RNG early entropy source...[0m
[0;32mI (419) octal_psram: vendor id    : 0x0d (AP)[0m
[0;32mI (419) octal_psram: dev id       : 0x02 (generation 3)[0m
[0;32mI (419) octal_psram: density      : 0x03 (64 Mbit)[0m
[0;32mI (421) octal_psram: good-die     : 0x01 (Pass)[0m
[0;32mI (425) octal_psram: Latency      : 0x01 (Fixed)[0m
[0;32mI (430) octal_psram: VCC          : 0x01 (3V)[0m
[0;32mI (434) octal_psram: SRF          : 0x01 (Fast Refresh)[0m
[0;32mI (439) octal_psram: BurstType    : 0x01 (Hybrid Wrap)[0m
[0;32mI (444) octal_psram: BurstLen     : 0x01 (32 Byte)[0m
[0;32mI (448) octal_psram: Readlatency  : 0x02 (10 cycles@Fixed)[0m
[0;32mI (453) octal_psram: DriveStrength: 0x00 (1/1)[0m
[0;32mI (458) MSPI Timing: Enter psram timing tuning[0m
[0;32mI (462) esp_psram: Found 8MB PSRAM device[0m
[0;32mI (465) esp_psram: Speed: 80MHz[0m
[0;32mI (502) mmu_psram: Read only data copied and mapped to SPIRAM[0m
[0;32mI (594) mmu_psram: Instructions copied and mapped to SPIRAM[0m
[0;32mI (594) cpu_start: Multicore app[0m
[0;32mI (813) esp_psram: SPI SRAM memory test OK[0m
[0;32mI (821) cpu_start: GPIO 44 and 43 are used as console UART I/O pins[0m
[0;32mI (821) cpu_start: Pro cpu start user code[0m
[0;32mI (821) cpu_start: cpu freq: 240000000 Hz[0m
[0;32mI (823) app_init: Application information:[0m
[0;32mI (827) app_init: Project name:     object_detect[0m
[0;32mI (831) app_init: App version:      v0.9.4-256-g68f9e6b-dirty[0m
[0;32mI (837) app_init: Compile time:     May 19 2026 10:32:34[0m
[0;32mI (842) app_init: ELF file SHA256:  bc965b5a2...[0m
[0;32mI (846) app_init: ESP-IDF:          v5.5.4[0m
[0;32mI (850) efuse_init: Min chip rev:     v0.0[0m
[0;32mI (854) efuse_init: Max chip rev:     v0.99 [0m
[0;32mI (858) efuse_init: Chip rev:         v0.2[0m
[0;32mI (862) heap_init: Initializing. RAM available for dynamic allocation:[0m
[0;32mI (868) heap_init: At 3FCA4278 len 00045498 (277 KiB): RAM[0m
[0;32mI (873) heap_init: At 3FCE9710 len 00005724 (21 KiB): RAM[0m
[0;32mI (878) esp_psram: Adding pool of 6272K of PSRAM memory to heap allocator[0m
[0;32mI (885) esp_psram: Adding pool of 25K of PSRAM memory gap generated due to end address alignment of drom to the heap allocator[0m
[0;32mI (896) spi_flash: detected chip: boya[0m
[0;32mI (899) spi_flash: flash io: qio[0m
[0;32mI (902) sleep_gpio: Configure to isolate all GPIO pins in sleep state[0m
[0;32mI (909) sleep_gpio: Enable automatic switching of GPIO sleep configuration[0m
[0;32mI (915) main_task: Started on CPU0[0m
[0;32mI (928) esp_psram: Reserving pool of 32K of internal memory for DMA/internal allocations[0m
[0;32mI (928) main_task: Calling app_main()[0m
[0;32mI (1929) MAIN: Boot time set: 2026-05-17 10:00:00[0m
[0;32mI (1929) MAIN: === Person Detection + Light Control ===[0m
[0;32mI (1929) MAIN: Frame sample rate  : every 7 frames[0m
[0;32mI (1931) MAIN: Confirm window     : 2 consecutive frames[0m
[0;32mI (1936) MAIN: Score threshold    : 0.60[0m
[0;32mI (1940) MAIN: Brightness thresh  : 100[0m
[0;32mI (1944) MAIN: SD max usage       : 12000 MB[0m
[0;32mI (1948) MAIN: Person trigger GPIO: GPIO 47 | direct HIGH/LOW (no timer)[0m
[0;32mI (1954) MAIN: Person trigger GPIO enabled: GPIO 47 (direct HIGH/LOW, no timer)[0m
[0;33mW (1961) S3-EYE: Warning: Long filenames on SD card are disabled in menuconfig![0m
[0;32mI (2012) MAIN: Loaded state: 20260517_100000 | 217[0m
[0;32mI (2012) MAIN: Restored image counter: 217[0m
[0;32mI (2057) MAIN: SD ready: /sdcard/detections | Used: 1 MB / 12000 MB max[0m
[0;32mI (2058) LightController: Initialized on GPIO21 | threshold=100 | active_HIGH[0m
[0;32mI (2060) MAIN: Loading model...[0m
[0;33mW (2063) FbsLoader: There is only one model in the flatbuffers, ignore the input model name![0m
[0;33mW (2071) FbsLoader: CONFIG_SPIRAM_RODATA or CONFIG_SPIRAM_XIP_FROM_PSRAM option is on, fbs model is copied to PSRAM.[0m
[0;33mW (2169) dl::Model: Minimize() will delete variables not used in model inference, which will make it impossible to test or debug the model.[0m
[0;32mI (2172) MAIN: Model ready.[0m
[0;32mI (2173) s3 ll_cam: DMA Channel=0[0m
[0;32mI (2176) cam_hal: cam init ok[0m
[0;32mI (5189) camera: Camera PID=0x3660 VER=0x00 MIDL=0x00 MIDH=0x00[0m
[0;32mI (5189) camera: Detected OV3660 camera[0m
[0;32mI (5189) camera: Detected camera at address=0x3c[0m
[0;32mI (5497) cam_hal: PSRAM DMA mode enabled[0m
[0;32mI (5497) s3 ll_cam: node_size: 3840, nodes_per_line: 1, lines_per_node: 8[0m
[0;32mI (5497) s3 ll_cam: dma_half_buffer_min:  3840, dma_half_buffer: 11520, lines_per_half_buffer: 24, dma_buffer_size: 115200[0m
[0;32mI (5506) cam_hal: buffer_size: 115200, half_buffer_size: 11520, node_buffer_size: 3840, node_cnt: 30, total_cnt: 11[0m
[0;32mI (5516) cam_hal: Allocating 126736 Byte frame buffer in PSRAM[0m
[0;32mI (5522) cam_hal: Frame[0]: Offset: 16, Addr: 0x3C273560[0m
[0;32mI (5527) cam_hal: Allocating 126736 Byte frame buffer in PSRAM[0m
[0;32mI (5533) cam_hal: Frame[1]: Offset: 16, Addr: 0x3C292490[0m
[0;32mI (5538) cam_hal: Allocating 126736 Byte frame buffer in PSRAM[0m
[0;32mI (5543) cam_hal: Frame[2]: Offset: 16, Addr: 0x3C2B13C0[0m
[0;32mI (5548) cam_hal: Allocating 126736 Byte frame buffer in PSRAM[0m
[0;32mI (5554) cam_hal: Frame[3]: Offset: 16, Addr: 0x3C2D02F0[0m
[0;32mI (5559) cam_hal: Allocating 126736 Byte frame buffer in PSRAM[0m
[0;32mI (5564) cam_hal: Frame[4]: Offset: 16, Addr: 0x3C2EF220[0m
[0;32mI (5570) cam_hal: cam config ok[0m
[0;32mI (5584) ov3660: Calculated VCO: 128000000 Hz, PLLCLK: 128000000 Hz, SYSCLK: 32000000 Hz, PCLK: 8000000 Hz[0m
[0;32mI (5601) s3 ll_cam: DMA Channel=0[0m
[0;32mI (5601) cam_hal: cam init ok[0m
[0;32mI (8612) camera: Camera PID=0x3660 VER=0x00 MIDL=0x00 MIDH=0x00[0m
[0;32mI (8612) camera: Detected OV3660 camera[0m
[0;32mI (8612) camera: Detected camera at address=0x3c[0m
[0;32mI (8920) cam_hal: PSRAM DMA mode enabled[0m
[0;32mI (8920) s3 ll_cam: node_size: 3840, nodes_per_line: 1, lines_per_node: 8[0m
[0;32mI (8920) s3 ll_cam: dma_half_buffer_min:  3840, dma_half_buffer: 11520, lines_per_half_buffer: 24, dma_buffer_size: 115200[0m
[0;32mI (8929) cam_hal: buffer_size: 115200, half_buffer_size: 11520, node_buffer_size: 3840, node_cnt: 30, total_cnt: 11[0m
[0;32mI (8939) cam_hal: Allocating 126736 Byte frame buffer in PSRAM[0m
[0;32mI (8945) cam_hal: Frame[0]: Offset: 16, Addr: 0x3C273560[0m
[0;32mI (8950) cam_hal: Allocating 126736 Byte frame buffer in PSRAM[0m
[0;32mI (8956) cam_hal: Frame[1]: Offset: 16, Addr: 0x3C292490[0m
[0;32mI (8961) cam_hal: Allocating 126736 Byte frame buffer in PSRAM[0m
[0;32mI (8966) cam_hal: Frame[2]: Offset: 16, Addr: 0x3C2B13C0[0m
[0;32mI (8971) cam_hal: Allocating 126736 Byte frame buffer in PSRAM[0m
[0;32mI (8977) cam_hal: Frame[3]: Offset: 16, Addr: 0x3C2D02F0[0m
[0;32mI (8982) cam_hal: Allocating 126736 Byte frame buffer in PSRAM[0m
[0;32mI (8987) cam_hal: Frame[4]: Offset: 16, Addr: 0x3C2EF220[0m
[0;32mI (8993) cam_hal: cam config ok[0m
[0;32mI (9007) ov3660: Calculated VCO: 128000000 Hz, PLLCLK: 128000000 Hz, SYSCLK: 32000000 Hz, PCLK: 8000000 Hz[0m
[0;32mI (9023) WhoS3Cam: WhoS3Cam args: vertical_flip=0 horizontal_flip=1 -> sensor vflip=1 hmirror=0[0m
[0;32mI (9026) MAIN: Running from 2026-05-17 10:00:08 | Every 7 frames | 2-frame confirm | Score >= 0.60[0m
[0;32mI (9029) main_task: Returned from app_main()[0m
[0;32mI (9888) MAIN: [2026-05-17 10:00:09] No person confirmed (2/2) | f1=N f2=N | Brightness: 143 | Light: OFF[0m
[0;32mI (10437) MAIN: [2026-05-17 10:00:09] No person confirmed (2/2) | f1=N f2=N | Brightness: 153 | Light: OFF[0m
[0;32mI (10987) MAIN: [2026-05-17 10:00:10] No person confirmed (2/2) | f1=N f2=N | Brightness: 146 | Light: OFF[0m
[0;32mI (11407) LightController: Darkness detected -> Light ON | Brightness: 90[0m
[0;32mI (11537) MAIN: [2026-05-17 10:00:10] No person confirmed (2/2) | f1=N f2=N | Brightness: 90 | Light: ON[0m
[0;32mI (11540) LightController: Brightness normal -> starting OFF timer[0m
[0;32mI (12087) MAIN: [2026-05-17 10:00:11] No person confirmed (2/2) | f1=N f2=N | Brightness: 194 | Light: ON[0m
[0;32mI (12637) MAIN: [2026-05-17 10:00:11] No person confirmed (2/2) | f1=N f2=Y | Brightness: 130 | Light: ON[0m
[0;32mI (13188) MAIN: [2026-05-17 10:00:12] No person confirmed (2/2) | f1=N f2=N | Brightness: 126 | Light: ON[0m
[0;32mI (13738) MAIN: [2026-05-17 10:00:12] No person confirmed (2/2) | f1=N f2=N | Brightness: 127 | Light: ON[0m
[0;32mI (14288) MAIN: [2026-05-17 10:00:13] No person confirmed (2/2) | f1=N f2=N | Brightness: 127 | Light: ON[0m
[0;32mI (14838) MAIN: [2026-05-17 10:00:13] No person confirmed (2/2) | f1=N f2=N | Brightness: 136 | Light: ON[0m
[0;32mI (15389) MAIN: [2026-05-17 10:00:14] PERSON confirmed (2/2) | score=0.862 | box=[97,0,239,239] | Brightness: 136 | Light: ON[0m
[0;32mI (15729) MAIN: Saved: det_20260517_100000_0217.jpg | score=0.862 | 2026-05-17 10:00:14[0m
[0;32mI (16339) MAIN: [2026-05-17 10:00:15] PERSON confirmed (2/2) | score=0.707 | box=[96,0,239,239] | Brightness: 135 | Light: ON[0m
[0;32mI (16576) LightController: 5 seconds completed -> Light OFF[0m
[0;32mI (16889) MAIN: [2026-05-17 10:00:16] PERSON confirmed (2/2) | score=0.750 | box=[92,0,239,239] | Brightness: 134 | Light: OFF[0m
[0;32mI (17440) MAIN: [2026-05-17 10:00:16] PERSON confirmed (2/2) | score=0.852 | box=[91,0,239,239] | Brightness: 133 | Light: OFF[0m
[0;32mI (17990) MAIN: [2026-05-17 10:00:17] PERSON confirmed (2/2) | score=0.871 | box=[100,0,239,239] | Brightness: 135 | Light: OFF[0m
[0;32mI (18539) MAIN: [2026-05-17 10:00:17] No person confirmed (2/2) | f1=N f2=Y | Brightness: 135 | Light: OFF[0m
[0;32mI (19090) MAIN: [2026-05-17 10:00:18] No person confirmed (2/2) | f1=Y f2=N | Brightness: 131 | Light: OFF[0m
[0;32mI (19640) MAIN: [2026-05-17 10:00:18] PERSON confirmed (2/2) | score=0.661 | box=[192,0,239,239] | Brightness: 127 | Light: OFF[0m
[0;32mI (19926) MAIN: Saved: det_20260517_100000_0218.jpg | score=0.661 | 2026-05-17 10:00:18[0m
[0;32mI (20491) MAIN: [2026-05-17 10:00:19] PERSON confirmed (2/2) | score=0.679 | box=[188,0,239,239] | Brightness: 128 | Light: OFF[0m
[0;32mI (21041) MAIN: [2026-05-17 10:00:20] PERSON confirmed (2/2) | score=0.834 | box=[181,0,239,239] | Brightness: 127 | Light: OFF[0m
[0;32mI (21591) MAIN: [2026-05-17 10:00:20] PERSON confirmed (2/2) | score=0.667 | box=[180,0,239,239] | Brightness: 125 | Light: OFF[0m
[0;32mI (22141) MAIN: [2026-05-17 10:00:21] PERSON confirmed (2/2) | score=0.755 | box=[183,0,239,239] | Brightness: 129 | Light: OFF[0m
[0;32mI (22691) MAIN: [2026-05-17 10:00:21] No person confirmed (2/2) | f1=N f2=Y | Brightness: 129 | Light: OFF[0m
[0;32mI (23241) MAIN: [2026-05-17 10:00:22] No person confirmed (2/2) | f1=N f2=N | Brightness: 125 | Light: OFF[0m
[0;32mI (23791) MAIN: [2026-05-17 10:00:22] PERSON confirmed (2/2) | score=0.679 | box=[191,0,239,239] | Brightness: 127 | Light: OFF[0m
[0;32mI (24086) MAIN: Saved: det_20260517_100000_0219.jpg | score=0.679 | 2026-05-17 10:00:22[0m
[0;32mI (24642) MAIN: [2026-05-17 10:00:23] PERSON confirmed (2/2) | score=0.713 | box=[174,0,239,239] | Brightness: 129 | Light: OFF[0m
[0;32mI (25191) MAIN: [2026-05-17 10:00:24] No person confirmed (2/2) | f1=N f2=N | Brightness: 129 | Light: OFF[0m
[0;32mI (25741) MAIN: [2026-05-17 10:00:24] No person confirmed (2/2) | f1=N f2=N | Brightness: 132 | Light: OFF[0m
[0;32mI (26291) MAIN: [2026-05-17 10:00:25] No person confirmed (2/2) | f1=N f2=N | Brightness: 129 | Light: OFF[0m
[0;32mI (26842) MAIN: [2026-05-17 10:00:25] No person confirmed (2/2) | f1=N f2=N | Brightness: 128 | Light: OFF[0m
