Command: C:\Espressif\python_env\idf5.5_py3.11_env\Scripts\python.exe C:\Espressif\frameworks\esp-idf-v5.5.4\tools/idf_monitor.py -p COM15 -b 115200 --toolchain-prefix xtensa-esp32s3-elf- --target esp32s3 --revision 0 C:\Espressif\frameworks\esp-idf-v5.5.4\esp-who\examples\object_detect\build\object_detect.elf C:\Espressif\frameworks\esp-idf-v5.5.4\esp-who\examples\object_detect\build\bootloader\bootloader.elf --force-color -m 'C:\Espressif\python_env\idf5.5_py3.11_env\Scripts\python.exe' 'C:\Espressif\frameworks\esp-idf-v5.5.4\tools\idf.py'
ESP-ROM:esp32s3-20210327
Build:Mar 27 2021
rst:0x1 (POWERON),boot:0x8 (SPI_FAST_FLASH_BOOT)
SPIWP:0xee
mode:DIO, clock div:1
load:0x3fce2820,len:0x1668
load:0x403c8700,len:0xec0
load:0x403cb700,len:0x317c
entry 0x403c894c
[0;32mI (24) boot: ESP-IDF v5.5.4 2nd stage bootloader[0m
[0;32mI (25) boot: compile time May 18 2026 18:15:35[0m
[0;32mI (25) boot: Multicore bootloader[0m
[0;32mI (25) boot: chip revision: v0.2[0m
[0;32mI (28) boot: efuse block revision: v1.4[0m
[0;32mI (31) qio_mode: Enabling default flash chip QIO[0m
[0;32mI (36) boot.esp32s3: Boot SPI Speed : 80MHz[0m
[0;32mI (40) boot.esp32s3: SPI Mode       : QIO[0m
[0;32mI (43) boot.esp32s3: SPI Flash Size : 16MB[0m
[0;32mI (47) boot: Enabling RNG early entropy source...[0m
[0;32mI (52) boot: Partition Table:[0m
[0;32mI (54) boot: ## Label            Usage          Type ST Offset   Length[0m
[0;32mI (61) boot:  0 nvs              WiFi data        01 02 00009000 00006000[0m
[0;32mI (67) boot:  1 phy_init         RF data          01 01 0000f000 00001000[0m
[0;32mI (74) boot:  2 factory          factory app      00 00 00010000 007d0000[0m
[0;32mI (80) boot: End of partition table[0m
[0;32mI (83) esp_image: segment 0: paddr=00010020 vaddr=3c150020 size=89a00h (563712) map[0m
[0;32mI (174) esp_image: segment 1: paddr=00099a28 vaddr=3fc9ac00 size=05e98h ( 24216) load[0m
[0;32mI (179) esp_image: segment 2: paddr=0009f8c8 vaddr=40378000 size=00750h (  1872) load[0m
[0;32mI (180) esp_image: segment 3: paddr=000a0020 vaddr=42000020 size=1423e8h (1319912) map[0m
[0;32mI (382) esp_image: segment 4: paddr=001e2410 vaddr=40378750 size=12438h ( 74808) load[0m
[0;32mI (396) esp_image: segment 5: paddr=001f4850 vaddr=50000000 size=00020h (    32) load[0m
[0;32mI (404) boot: Loaded app from partition at offset 0x10000[0m
[0;32mI (405) boot: Disabling RNG early entropy source...[0m
[0;32mI (415) octal_psram: vendor id    : 0x0d (AP)[0m
[0;32mI (415) octal_psram: dev id       : 0x02 (generation 3)[0m
[0;32mI (415) octal_psram: density      : 0x03 (64 Mbit)[0m
[0;32mI (417) octal_psram: good-die     : 0x01 (Pass)[0m
[0;32mI (421) octal_psram: Latency      : 0x01 (Fixed)[0m
[0;32mI (426) octal_psram: VCC          : 0x01 (3V)[0m
[0;32mI (430) octal_psram: SRF          : 0x01 (Fast Refresh)[0m
[0;32mI (435) octal_psram: BurstType    : 0x01 (Hybrid Wrap)[0m
[0;32mI (439) octal_psram: BurstLen     : 0x01 (32 Byte)[0m
[0;32mI (444) octal_psram: Readlatency  : 0x02 (10 cycles@Fixed)[0m
[0;32mI (449) octal_psram: DriveStrength: 0x00 (1/1)[0m
[0;32mI (453) MSPI Timing: Enter psram timing tuning[0m
[0;32mI (458) esp_psram: Found 8MB PSRAM device[0m
[0;32mI (461) esp_psram: Speed: 80MHz[0m
[0;32mI (498) mmu_psram: Read only data copied and mapped to SPIRAM[0m
[0;32mI (589) mmu_psram: Instructions copied and mapped to SPIRAM[0m
[0;32mI (590) cpu_start: Multicore app[0m
[0;32mI (808) esp_psram: SPI SRAM memory test OK[0m
[0;32mI (816) cpu_start: GPIO 44 and 43 are used as console UART I/O pins[0m
[0;32mI (817) cpu_start: Pro cpu start user code[0m
[0;32mI (817) cpu_start: cpu freq: 240000000 Hz[0m
[0;32mI (819) app_init: Application information:[0m
[0;32mI (823) app_init: Project name:     object_detect[0m
[0;32mI (827) app_init: App version:      v0.9.4-256-g68f9e6b[0m
[0;32mI (832) app_init: Compile time:     May 19 2026 09:03:37[0m
[0;32mI (837) app_init: ELF file SHA256:  0219df8e8...[0m
[0;32mI (841) app_init: ESP-IDF:          v5.5.4[0m
[0;32mI (845) efuse_init: Min chip rev:     v0.0[0m
[0;32mI (849) efuse_init: Max chip rev:     v0.99 [0m
[0;32mI (853) efuse_init: Chip rev:         v0.2[0m
[0;32mI (857) heap_init: Initializing. RAM available for dynamic allocation:[0m
[0;32mI (863) heap_init: At 3FCA4278 len 00045498 (277 KiB): RAM[0m
[0;32mI (868) heap_init: At 3FCE9710 len 00005724 (21 KiB): RAM[0m
[0;32mI (873) esp_psram: Adding pool of 6272K of PSRAM memory to heap allocator[0m
[0;32mI (880) esp_psram: Adding pool of 25K of PSRAM memory gap generated due to end address alignment of drom to the heap allocator[0m
[0;32mI (891) spi_flash: detected chip: boya[0m
[0;32mI (894) spi_flash: flash io: qio[0m
[0;32mI (898) sleep_gpio: Configure to isolate all GPIO pins in sleep state[0m
[0;32mI (904) sleep_gpio: Enable automatic switching of GPIO sleep configuration[0m
[0;32mI (911) main_task: Started on CPU0[0m
[0;32mI (924) esp_psram: Reserving pool of 32K of internal memory for DMA/internal allocations[0m
[0;32mI (924) main_task: Calling app_main()[0m
[0;32mI (1225) MAIN: Boot time set: 2026-05-17 10:00:00[0m
[0;32mI (1225) MAIN: === Person Detection + Light Control ===[0m
[0;32mI (1225) MAIN: Frame sample rate  : every 7 frames[0m
[0;32mI (1227) MAIN: Confirm window     : 2 consecutive frames[0m
[0;32mI (1232) MAIN: Score threshold    : 0.60[0m
[0;32mI (1236) MAIN: Brightness thresh  : 100[0m
[0;32mI (1240) MAIN: SD max usage       : 12000 MB[0m
[0;32mI (1244) MAIN: Person trigger GPIO: GPIO 47 | direct HIGH/LOW (no timer)[0m
[0;32mI (1250) MAIN: Person trigger GPIO enabled: GPIO 47 (direct HIGH/LOW, no timer)[0m
[0;33mW (1257) S3-EYE: Warning: Long filenames on SD card are disabled in menuconfig![0m
[0;32mI (1320) MAIN: Loaded state: 20260517_100000 | 132[0m
[0;32mI (1321) MAIN: Restored image counter: 132[0m
[0;32mI (1348) MAIN: SD ready: /sdcard/detections | Used: 0 MB / 12000 MB max[0m
[0;32mI (1348) LightController: Initialized on GPIO21 | threshold=100 | active_HIGH[0m
[0;32mI (1350) MAIN: Loading model...[0m
[0;33mW (1354) FbsLoader: There is only one model in the flatbuffers, ignore the input model name![0m
[0;33mW (1361) FbsLoader: CONFIG_SPIRAM_RODATA or CONFIG_SPIRAM_XIP_FROM_PSRAM option is on, fbs model is copied to PSRAM.[0m
[0;33mW (1459) dl::Model: Minimize() will delete variables not used in model inference, which will make it impossible to test or debug the model.[0m
[0;32mI (1462) MAIN: Model ready.[0m
[0;32mI (1463) s3 ll_cam: DMA Channel=0[0m
[0;32mI (1466) cam_hal: cam init ok[0m
[0;32mI (1980) camera: Camera PID=0x3660 VER=0x00 MIDL=0x00 MIDH=0x00[0m
[0;32mI (1980) camera: Detected OV3660 camera[0m
[0;32mI (1980) camera: Detected camera at address=0x3c[0m
[1;31mE (3183) i2c.master: I2C bus is still busy but software timeout detected[0m
[1;31mE (3183) sccb-ng: W [568d]=11 fail[0m

[1;31mE (3183) camera: Camera probe failed with error 0xffffffff(ESP_FAIL)[0m
ESP_ERROR_CHECK failed: esp_err_t 0xffffffff (ESP_FAIL) at 0x4200ca45
file: "/IDF/esp-who/components/who_peripherals/who_cam/who_s3_cam/who_s3_cam.cpp" line 26
func: who::cam::WhoS3Cam::WhoS3Cam(pixformat_t, framesize_t, uint8_t, bool, bool)
expression: esp_camera_init(&camera_config)

abort() was called at PC 0x4038109b on core 0


Backtrace: 0x403810d9:0x3fca7ad0 0x403810a5:0x3fca7af0 0x4038852a:0x3fca7b10 0x4038109b:0x3fca7b80 0x4200ca45:0x3fca7bb0 0x4200bf84:0x3fca7c60 0x4200b8d9:0x3fca7c90 0x421417a3:0x3fca7d50




ELF file SHA256: 0219df8e8

Rebooting...
���ESP-ROM:esp32s3-20210327
Build:Mar 27 2021
rst:0xc (RTC_SW_CPU_RST),boot:0x8 (SPI_FAST_FLASH_BOOT)
Saved PC:0x40381268
SPIWP:0xee
mode:DIO, clock div:1
load:0x3fce2820,len:0x1668
load:0x403c8700,len:0xec0
load:0x403cb700,len:0x317c
entry 0x403c894c
[0;32mI (29) boot: ESP-IDF v5.5.4 2nd stage bootloader[0m
[0;32mI (29) boot: compile time May 18 2026 18:15:35[0m
[0;32mI (29) boot: Multicore bootloader[0m
[0;32mI (29) boot: chip revision: v0.2[0m
[0;32mI (32) boot: efuse block revision: v1.4[0m
[0;32mI (36) qio_mode: Enabling default flash chip QIO[0m
[0;32mI (40) boot.esp32s3: Boot SPI Speed : 80MHz[0m
[0;32mI (44) boot.esp32s3: SPI Mode       : QIO[0m
[0;32mI (48) boot.esp32s3: SPI Flash Size : 16MB[0m
[0;32mI (51) boot: Enabling RNG early entropy source...[0m
[0;32mI (56) boot: Partition Table:[0m
[0;32mI (59) boot: ## Label            Usage          Type ST Offset   Length[0m
[0;32mI (65) boot:  0 nvs              WiFi data        01 02 00009000 00006000[0m
[0;32mI (71) boot:  1 phy_init         RF data          01 01 0000f000 00001000[0m
[0;32mI (78) boot:  2 factory          factory app      00 00 00010000 007d0000[0m
[0;32mI (84) boot: End of partition table[0m
[0;32mI (88) esp_image: segment 0: paddr=00010020 vaddr=3c150020 size=89a00h (563712) map[0m
[0;32mI (179) esp_image: segment 1: paddr=00099a28 vaddr=3fc9ac00 size=05e98h ( 24216) load[0m
[0;32mI (183) esp_image: segment 2: paddr=0009f8c8 vaddr=40378000 size=00750h (  1872) load[0m
[0;32mI (184) esp_image: segment 3: paddr=000a0020 vaddr=42000020 size=1423e8h (1319912) map[0m
[0;32mI (386) esp_image: segment 4: paddr=001e2410 vaddr=40378750 size=12438h ( 74808) load[0m
[0;32mI (401) esp_image: segment 5: paddr=001f4850 vaddr=50000000 size=00020h (    32) load[0m
[0;32mI (409) boot: Loaded app from partition at offset 0x10000[0m
[0;32mI (409) boot: Disabling RNG early entropy source...[0m
[0;32mI (419) octal_psram: vendor id    : 0x0d (AP)[0m
[0;32mI (419) octal_psram: dev id       : 0x02 (generation 3)[0m
[0;32mI (419) octal_psram: density      : 0x03 (64 Mbit)[0m
[0;32mI (421) octal_psram: good-die     : 0x01 (Pass)[0m
[0;32mI (425) octal_psram: Latency      : 0x01 (Fixed)[0m
[0;32mI (430) octal_psram: VCC          : 0x01 (3V)[0m
[0;32mI (434) octal_psram: SRF          : 0x01 (Fast Refresh)[0m
[0;32mI (439) octal_psram: BurstType    : 0x01 (Hybrid Wrap)[0m
[0;32mI (444) octal_psram: BurstLen     : 0x01 (32 Byte)[0m
[0;32mI (448) octal_psram: Readlatency  : 0x02 (10 cycles@Fixed)[0m
[0;32mI (453) octal_psram: DriveStrength: 0x00 (1/1)[0m
[0;32mI (458) MSPI Timing: Enter psram timing tuning[0m
[0;32mI (462) esp_psram: Found 8MB PSRAM device[0m
[0;32mI (465) esp_psram: Speed: 80MHz[0m
[0;32mI (502) mmu_psram: Read only data copied and mapped to SPIRAM[0m
[0;32mI (594) mmu_psram: Instructions copied and mapped to SPIRAM[0m
[0;32mI (594) cpu_start: Multicore app[0m
[0;32mI (813) esp_psram: SPI SRAM memory test OK[0m
[0;32mI (821) cpu_start: GPIO 44 and 43 are used as console UART I/O pins[0m
[0;32mI (821) cpu_start: Pro cpu start user code[0m
[0;32mI (821) cpu_start: cpu freq: 240000000 Hz[0m
[0;32mI (823) app_init: Application information:[0m
[0;32mI (827) app_init: Project name:     object_detect[0m
[0;32mI (831) app_init: App version:      v0.9.4-256-g68f9e6b[0m
[0;32mI (836) app_init: Compile time:     May 19 2026 09:03:37[0m
[0;32mI (841) app_init: ELF file SHA256:  0219df8e8...[0m
[0;32mI (846) app_init: ESP-IDF:          v5.5.4[0m
[0;32mI (849) efuse_init: Min chip rev:     v0.0[0m
[0;32mI (853) efuse_init: Max chip rev:     v0.99 [0m
[0;32mI (857) efuse_init: Chip rev:         v0.2[0m
[0;32mI (861) heap_init: Initializing. RAM available for dynamic allocation:[0m
[0;32mI (867) heap_init: At 3FCA4278 len 00045498 (277 KiB): RAM[0m
[0;32mI (873) heap_init: At 3FCE9710 len 00005724 (21 KiB): RAM[0m
[0;32mI (878) esp_psram: Adding pool of 6272K of PSRAM memory to heap allocator[0m
[0;32mI (884) esp_psram: Adding pool of 25K of PSRAM memory gap generated due to end address alignment of drom to the heap allocator[0m
[0;32mI (896) spi_flash: detected chip: boya[0m
[0;32mI (899) spi_flash: flash io: qio[0m
[0;32mI (902) sleep_gpio: Configure to isolate all GPIO pins in sleep state[0m
[0;32mI (908) sleep_gpio: Enable automatic switching of GPIO sleep configuration[0m
[0;32mI (915) main_task: Started on CPU0[0m
[0;32mI (928) esp_psram: Reserving pool of 32K of internal memory for DMA/internal allocations[0m
[0;32mI (928) main_task: Calling app_main()[0m
[0;32mI (1229) MAIN: Boot time set: 2026-05-17 10:00:00[0m
[0;32mI (1229) MAIN: === Person Detection + Light Control ===[0m
[0;32mI (1229) MAIN: Frame sample rate  : every 7 frames[0m
[0;32mI (1231) MAIN: Confirm window     : 2 consecutive frames[0m
[0;32mI (1236) MAIN: Score threshold    : 0.60[0m
[0;32mI (1240) MAIN: Brightness thresh  : 100[0m
[0;32mI (1244) MAIN: SD max usage       : 12000 MB[0m
[0;32mI (1248) MAIN: Person trigger GPIO: GPIO 47 | direct HIGH/LOW (no timer)[0m
[0;32mI (1254) MAIN: Person trigger GPIO enabled: GPIO 47 (direct HIGH/LOW, no timer)[0m
[0;33mW (1261) S3-EYE: Warning: Long filenames on SD card are disabled in menuconfig![0m
[0;32mI (1324) MAIN: Loaded state: 20260517_100000 | 132[0m
[0;32mI (1325) MAIN: Restored image counter: 132[0m
[0;32mI (1352) MAIN: SD ready: /sdcard/detections | Used: 0 MB / 12000 MB max[0m
[0;32mI (1352) LightController: Initialized on GPIO21 | threshold=100 | active_HIGH[0m
[0;32mI (1354) MAIN: Loading model...[0m
[0;33mW (1358) FbsLoader: There is only one model in the flatbuffers, ignore the input model name![0m
[0;33mW (1365) FbsLoader: CONFIG_SPIRAM_RODATA or CONFIG_SPIRAM_XIP_FROM_PSRAM option is on, fbs model is copied to PSRAM.[0m
[0;33mW (1463) dl::Model: Minimize() will delete variables not used in model inference, which will make it impossible to test or debug the model.[0m
[0;32mI (1466) MAIN: Model ready.[0m
[0;32mI (1467) s3 ll_cam: DMA Channel=0[0m
[0;32mI (1470) cam_hal: cam init ok[0m
[1;31mE (1983) sccb-ng: SCCB_Write Failed addr:0x21, reg:0xff, data:0x01, ret:259[0m
[1;31mE (1983) sccb-ng: SCCB_Read Failed addr:0x21, reg:0x0a, data:0x60, ret:259[0m
[0;32mI (1985) ov7725: Mismatch PID=0x60[0m
[1;31mE (1988) sccb-ng: SCCB_Write Failed addr:0x21, reg:0xff, data:0x01, ret:259[0m
[1;31mE (1995) sccb-ng: SCCB_Read Failed addr:0x21, reg:0x0a, data:0x60, ret:259[0m
[0;32mI (2002) ov7760: Mismatch PID=0x60[0m
[1;31mE (2005) sccb-ng: SCCB_Read Failed addr:0x21, reg:0xf1, data:0x60, ret:259[0m
[1;31mE (2011) sccb-ng: SCCB_Read Failed addr:0x21, reg:0xf0, data:0x60, ret:259[0m
[0;32mI (2018) gc032a: Mismatch PID=0x6060[0m
[1;31mE (2021) sccb-ng: SCCB_Write Failed addr:0x21, reg:0xfe, data:0x00, ret:259[0m
[1;31mE (2028) sccb-ng: SCCB_Read Failed addr:0x21, reg:0x00, data:0x60, ret:259[0m
[0;32mI (2034) gc0308: Mismatch PID=0x60[0m
[0;32mI (2039) camera: Camera PID=0x3660 VER=0x00 MIDL=0x00 MIDH=0x00[0m
[0;32mI (2043) camera: Detected OV3660 camera[0m
[0;32mI (2047) camera: Detected camera at address=0x3c[0m
[0;32mI (2356) cam_hal: PSRAM DMA mode enabled[0m
[0;32mI (2356) s3 ll_cam: node_size: 3840, nodes_per_line: 1, lines_per_node: 8[0m
[0;32mI (2356) s3 ll_cam: dma_half_buffer_min:  3840, dma_half_buffer: 11520, lines_per_half_buffer: 24, dma_buffer_size: 115200[0m
[0;32mI (2365) cam_hal: buffer_size: 115200, half_buffer_size: 11520, node_buffer_size: 3840, node_cnt: 30, total_cnt: 11[0m
[0;32mI (2375) cam_hal: Allocating 126736 Byte frame buffer in PSRAM[0m
[0;32mI (2381) cam_hal: Frame[0]: Offset: 16, Addr: 0x3C273560[0m
[0;32mI (2386) cam_hal: Allocating 126736 Byte frame buffer in PSRAM[0m
[0;32mI (2392) cam_hal: Frame[1]: Offset: 16, Addr: 0x3C292490[0m
[0;32mI (2397) cam_hal: Allocating 126736 Byte frame buffer in PSRAM[0m
[0;32mI (2402) cam_hal: Frame[2]: Offset: 16, Addr: 0x3C2B13C0[0m
[0;32mI (2407) cam_hal: Allocating 126736 Byte frame buffer in PSRAM[0m
[0;32mI (2413) cam_hal: Frame[3]: Offset: 16, Addr: 0x3C2D02F0[0m
[0;32mI (2418) cam_hal: Allocating 126736 Byte frame buffer in PSRAM[0m
[0;32mI (2423) cam_hal: Frame[4]: Offset: 16, Addr: 0x3C2EF220[0m
[0;32mI (2429) cam_hal: cam config ok[0m
[1;31mE (2436) sccb-ng: W [380b]=f0 fail[0m

[1;31mE (2436) ov3660: Setting framesize to: 240x240 failed[0m
[1;31mE (2439) camera: Failed to set frame size[0m
ESP_ERROR_CHECK failed: esp_err_t 0x20002 (ERROR) at 0x4200ca45
file: "/IDF/esp-who/components/who_peripherals/who_cam/who_s3_cam/who_s3_cam.cpp" line 26
func: who::cam::WhoS3Cam::WhoS3Cam(pixformat_t, framesize_t, uint8_t, bool, bool)
expression: esp_camera_init(&camera_config)

abort() was called at PC 0x4038109b on core 0


Backtrace: 0x403810d9:0x3fca7ad0 0x403810a5:0x3fca7af0 0x4038852a:0x3fca7b10 0x4038109b:0x3fca7b80 0x4200ca45:0x3fca7bb0 0x4200bf84:0x3fca7c60 0x4200b8d9:0x3fca7c90 0x421417a3:0x3fca7d50




ELF file SHA256: 0219df8e8

Rebooting...
���ESP-ROM:esp32s3-20210327
Build:Mar 27 2021
rst:0xc (RTC_SW_CPU_RST),boot:0x8 (SPI_FAST_FLASH_BOOT)
Saved PC:0x40381268
SPIWP:0xee
mode:DIO, clock div:1
load:0x3fce2820,len:0x1668
load:0x403c8700,len:0xec0
load:0x403cb700,len:0x317c
entry 0x403c894c
[0;32mI (29) boot: ESP-IDF v5.5.4 2nd stage bootloader[0m
[0;32mI (29) boot: compile time May 18 2026 18:15:35[0m
[0;32mI (29) boot: Multicore bootloader[0m
[0;32mI (29) boot: chip revision: v0.2[0m
[0;32mI (32) boot: efuse block revision: v1.4[0m
[0;32mI (36) qio_mode: Enabling default flash chip QIO[0m
[0;32mI (40) boot.esp32s3: Boot SPI Speed : 80MHz[0m
[0;32mI (44) boot.esp32s3: SPI Mode       : QIO[0m
[0;32mI (48) boot.esp32s3: SPI Flash Size : 16MB[0m
[0;32mI (51) boot: Enabling RNG early entropy source...[0m
[0;32mI (56) boot: Partition Table:[0m
[0;32mI (59) boot: ## Label            Usage          Type ST Offset   Length[0m
[0;32mI (65) boot:  0 nvs              WiFi data        01 02 00009000 00006000[0m
[0;32mI (71) boot:  1 phy_init         RF data          01 01 0000f000 00001000[0m
[0;32mI (78) boot:  2 factory          factory app      00 00 00010000 007d0000[0m
[0;32mI (84) boot: End of partition table[0m
[0;32mI (88) esp_image: segment 0: paddr=00010020 vaddr=3c150020 size=89a00h (563712) map[0m
[0;32mI (179) esp_image: segment 1: paddr=00099a28 vaddr=3fc9ac00 size=05e98h ( 24216) load[0m
[0;32mI (183) esp_image: segment 2: paddr=0009f8c8 vaddr=40378000 size=00750h (  1872) load[0m
[0;32mI (184) esp_image: segment 3: paddr=000a0020 vaddr=42000020 size=1423e8h (1319912) map[0m
[0;32mI (386) esp_image: segment 4: paddr=001e2410 vaddr=40378750 size=12438h ( 74808) load[0m
[0;32mI (401) esp_image: segment 5: paddr=001f4850 vaddr=50000000 size=00020h (    32) load[0m
[0;32mI (409) boot: Loaded app from partition at offset 0x10000[0m
[0;32mI (409) boot: Disabling RNG early entropy source...[0m
[0;32mI (419) octal_psram: vendor id    : 0x0d (AP)[0m
[0;32mI (419) octal_psram: dev id       : 0x02 (generation 3)[0m
[0;32mI (419) octal_psram: density      : 0x03 (64 Mbit)[0m
[0;32mI (421) octal_psram: good-die     : 0x01 (Pass)[0m
[0;32mI (425) octal_psram: Latency      : 0x01 (Fixed)[0m
[0;32mI (430) octal_psram: VCC          : 0x01 (3V)[0m
[0;32mI (434) octal_psram: SRF          : 0x01 (Fast Refresh)[0m
[0;32mI (439) octal_psram: BurstType    : 0x01 (Hybrid Wrap)[0m
[0;32mI (444) octal_psram: BurstLen     : 0x01 (32 Byte)[0m
[0;32mI (448) octal_psram: Readlatency  : 0x02 (10 cycles@Fixed)[0m
[0;32mI (453) octal_psram: DriveStrength: 0x00 (1/1)[0m
[0;32mI (458) MSPI Timing: Enter psram timing tuning[0m
[0;32mI (462) esp_psram: Found 8MB PSRAM device[0m
[0;32mI (465) esp_psram: Speed: 80MHz[0m
[0;32mI (502) mmu_psram: Read only data copied and mapped to SPIRAM[0m
[0;32mI (594) mmu_psram: Instructions copied and mapped to SPIRAM[0m
[0;32mI (594) cpu_start: Multicore app[0m
[0;32mI (813) esp_psram: SPI SRAM memory test OK[0m
[0;32mI (821) cpu_start: GPIO 44 and 43 are used as console UART I/O pins[0m
[0;32mI (821) cpu_start: Pro cpu start user code[0m
[0;32mI (821) cpu_start: cpu freq: 240000000 Hz[0m
[0;32mI (823) app_init: Application information:[0m
[0;32mI (827) app_init: Project name:     object_detect[0m
[0;32mI (831) app_init: App version:      v0.9.4-256-g68f9e6b[0m
[0;32mI (836) app_init: Compile time:     May 19 2026 09:03:37[0m
[0;32mI (841) app_init: ELF file SHA256:  0219df8e8...[0m
[0;32mI (846) app_init: ESP-IDF:          v5.5.4[0m
[0;32mI (849) efuse_init: Min chip rev:     v0.0[0m
[0;32mI (853) efuse_init: Max chip rev:     v0.99 [0m
[0;32mI (857) efuse_init: Chip rev:         v0.2[0m
[0;32mI (861) heap_init: Initializing. RAM available for dynamic allocation:[0m
[0;32mI (867) heap_init: At 3FCA4278 len 00045498 (277 KiB): RAM[0m
[0;32mI (873) heap_init: At 3FCE9710 len 00005724 (21 KiB): RAM[0m
[0;32mI (878) esp_psram: Adding pool of 6272K of PSRAM memory to heap allocator[0m
[0;32mI (884) esp_psram: Adding pool of 25K of PSRAM memory gap generated due to end address alignment of drom to the heap allocator[0m
[0;32mI (896) spi_flash: detected chip: boya[0m
[0;32mI (899) spi_flash: flash io: qio[0m
[0;32mI (902) sleep_gpio: Configure to isolate all GPIO pins in sleep state[0m
[0;32mI (908) sleep_gpio: Enable automatic switching of GPIO sleep configuration[0m
[0;32mI (915) main_task: Started on CPU0[0m
[0;32mI (928) esp_psram: Reserving pool of 32K of internal memory for DMA/internal allocations[0m
[0;32mI (928) main_task: Calling app_main()[0m
[0;32mI (1229) MAIN: Boot time set: 2026-05-17 10:00:00[0m
[0;32mI (1229) MAIN: === Person Detection + Light Control ===[0m
[0;32mI (1229) MAIN: Frame sample rate  : every 7 frames[0m
[0;32mI (1231) MAIN: Confirm window     : 2 consecutive frames[0m
[0;32mI (1236) MAIN: Score threshold    : 0.60[0m
[0;32mI (1240) MAIN: Brightness thresh  : 100[0m
[0;32mI (1244) MAIN: SD max usage       : 12000 MB[0m
[0;32mI (1248) MAIN: Person trigger GPIO: GPIO 47 | direct HIGH/LOW (no timer)[0m
[0;32mI (1254) MAIN: Person trigger GPIO enabled: GPIO 47 (direct HIGH/LOW, no timer)[0m
[0;33mW (1261) S3-EYE: Warning: Long filenames on SD card are disabled in menuconfig![0m
[0;32mI (1324) MAIN: Loaded state: 20260517_100000 | 132[0m
[0;32mI (1324) MAIN: Restored image counter: 132[0m
[0;32mI (1352) MAIN: SD ready: /sdcard/detections | Used: 0 MB / 12000 MB max[0m
[0;32mI (1352) LightController: Initialized on GPIO21 | threshold=100 | active_HIGH[0m
[0;32mI (1354) MAIN: Loading model...[0m
[0;33mW (1358) FbsLoader: There is only one model in the flatbuffers, ignore the input model name![0m
[0;33mW (1365) FbsLoader: CONFIG_SPIRAM_RODATA or CONFIG_SPIRAM_XIP_FROM_PSRAM option is on, fbs model is copied to PSRAM.[0m
[0;33mW (1463) dl::Model: Minimize() will delete variables not used in model inference, which will make it impossible to test or debug the model.[0m
[0;32mI (1466) MAIN: Model ready.[0m
[0;32mI (1467) s3 ll_cam: DMA Channel=0[0m
[0;32mI (1470) cam_hal: cam init ok[0m
[0;32mI (1984) camera: Camera PID=0x3660 VER=0x00 MIDL=0x00 MIDH=0x00[0m
[0;32mI (1984) camera: Detected OV3660 camera[0m
[0;32mI (1984) camera: Detected camera at address=0x3c[0m
[0;32mI (2292) cam_hal: PSRAM DMA mode enabled[0m
[0;32mI (2292) s3 ll_cam: node_size: 3840, nodes_per_line: 1, lines_per_node: 8[0m
[0;32mI (2292) s3 ll_cam: dma_half_buffer_min:  3840, dma_half_buffer: 11520, lines_per_half_buffer: 24, dma_buffer_size: 115200[0m
[0;32mI (2301) cam_hal: buffer_size: 115200, half_buffer_size: 11520, node_buffer_size: 3840, node_cnt: 30, total_cnt: 11[0m
[0;32mI (2311) cam_hal: Allocating 126736 Byte frame buffer in PSRAM[0m
[0;32mI (2317) cam_hal: Frame[0]: Offset: 16, Addr: 0x3C273560[0m
[0;32mI (2322) cam_hal: Allocating 126736 Byte frame buffer in PSRAM[0m
[0;32mI (2328) cam_hal: Frame[1]: Offset: 16, Addr: 0x3C292490[0m
[0;32mI (2333) cam_hal: Allocating 126736 Byte frame buffer in PSRAM[0m
[0;32mI (2338) cam_hal: Frame[2]: Offset: 16, Addr: 0x3C2B13C0[0m
[0;32mI (2343) cam_hal: Allocating 126736 Byte frame buffer in PSRAM[0m
[0;32mI (2349) cam_hal: Frame[3]: Offset: 16, Addr: 0x3C2D02F0[0m
[0;32mI (2354) cam_hal: Allocating 126736 Byte frame buffer in PSRAM[0m
[0;32mI (2359) cam_hal: Frame[4]: Offset: 16, Addr: 0x3C2EF220[0m
[0;32mI (2365) cam_hal: cam config ok[0m
[1;31mE (3372) i2c.master: I2C bus is still busy but software timeout detected[0m
[1;31mE (3372) sccb-ng: W [3809]=f0 fail[0m

[1;31mE (3372) ov3660: Setting framesize to: 240x240 failed[0m
[1;31mE (3375) camera: Failed to set frame size[0m
ESP_ERROR_CHECK failed: esp_err_t 0x20002 (ERROR) at 0x4200ca45
file: "/IDF/esp-who/components/who_peripherals/who_cam/who_s3_cam/who_s3_cam.cpp" line 26
func: who::cam::WhoS3Cam::WhoS3Cam(pixformat_t, framesize_t, uint8_t, bool, bool)
expression: esp_camera_init(&camera_config)

abort() was called at PC 0x4038109b on core 0


Backtrace: 0x403810d9:0x3fca7ad0 0x403810a5:0x3fca7af0 0x4038852a:0x3fca7b10 0x4038109b:0x3fca7b80 0x4200ca45:0x3fca7bb0 0x4200bf84:0x3fca7c60 0x4200b8d9:0x3fca7c90 0x421417a3:0x3fca7d50




ELF file SHA256: 0219df8e8

Rebooting...
ESP-ROM:esp32s3-20210327
Build:Mar 27 2021
rst:0xc (RTC_SW_CPU_RST),boot:0x8 (SPI_FAST_FLASH_BOOT)
Saved PC:0x40381268
SPIWP:0xee
mode:DIO, clock div:1
load:0x3fce2820,len:0x1668
load:0x403c8700,len:0xec0
load:0x403cb700,len:0x317c
entry 0x403c894c
[0;32mI (29) boot: ESP-IDF v5.5.4 2nd stage bootloader[0m
[0;32mI (29) boot: compile time May 18 2026 18:15:35[0m
[0;32mI (29) boot: Multicore bootloader[0m
[0;32mI (29) boot: chip revision: v0.2[0m
[0;32mI (32) boot: efuse block revision: v1.4[0m
[0;32mI (36) qio_mode: Enabling default flash chip QIO[0m
[0;32mI (40) boot.esp32s3: Boot SPI Speed : 80MHz[0m
[0;32mI (44) boot.esp32s3: SPI Mode       : QIO[0m
[0;32mI (48) boot.esp32s3: SPI Flash Size : 16MB[0m
[0;32mI (51) boot: Enabling RNG early entropy source...[0m
[0;32mI (56) boot: Partition Table:[0m
[0;32mI (59) boot: ## Label            Usage          Type ST Offset   Length[0m
[0;32mI (65) boot:  0 nvs              WiFi data        01 02 00009000 00006000[0m
[0;32mI (71) boot:  1 phy_init         RF data          01 01 0000f000 00001000[0m
[0;32mI (78) boot:  2 factory          factory app      00 00 00010000 007d0000[0m
[0;32mI (84) boot: End of partition table[0m
[0;32mI (88) esp_image: segment 0: paddr=00010020 vaddr=3c150020 size=89a00h (563712) map[0m
[0;32mI (179) esp_image: segment 1: paddr=00099a28 vaddr=3fc9ac00 size=05e98h ( 24216) load[0m
[0;32mI (183) esp_image: segment 2: paddr=0009f8c8 vaddr=40378000 size=00750h (  1872) load[0m
[0;32mI (184) esp_image: segment 3: paddr=000a0020 vaddr=42000020 size=1423e8h (1319912) map[0m
[0;32mI (386) esp_image: segment 4: paddr=001e2410 vaddr=40378750 size=12438h ( 74808) load[0m
[0;32mI (401) esp_image: segment 5: paddr=001f4850 vaddr=50000000 size=00020h (    32) load[0m
[0;32mI (409) boot: Loaded app from partition at offset 0x10000[0m
[0;32mI (409) boot: Disabling RNG early entropy source...[0m
[0;32mI (419) octal_psram: vendor id    : 0x0d (AP)[0m
[0;32mI (419) octal_psram: dev id       : 0x02 (generation 3)[0m
[0;32mI (419) octal_psram: density      : 0x03 (64 Mbit)[0m
[0;32mI (421) octal_psram: good-die     : 0x01 (Pass)[0m
[0;32mI (425) octal_psram: Latency      : 0x01 (Fixed)[0m
[0;32mI (430) octal_psram: VCC          : 0x01 (3V)[0m
[0;32mI (434) octal_psram: SRF          : 0x01 (Fast Refresh)[0m
[0;32mI (439) octal_psram: BurstType    : 0x01 (Hybrid Wrap)[0m
[0;32mI (444) octal_psram: BurstLen     : 0x01 (32 Byte)[0m
[0;32mI (448) octal_psram: Readlatency  : 0x02 (10 cycles@Fixed)[0m
[0;32mI (453) octal_psram: DriveStrength: 0x00 (1/1)[0m
[0;32mI (458) MSPI Timing: Enter psram timing tuning[0m
[0;32mI (462) esp_psram: Found 8MB PSRAM device[0m
[0;32mI (465) esp_psram: Speed: 80MHz[0m
[0;32mI (502) mmu_psram: Read only data copied and mapped to SPIRAM[0m
[0;32mI (594) mmu_psram: Instructions copied and mapped to SPIRAM[0m
[0;32mI (594) cpu_start: Multicore app[0m
[0;32mI (813) esp_psram: SPI SRAM memory test OK[0m
[0;32mI (821) cpu_start: GPIO 44 and 43 are used as console UART I/O pins[0m
[0;32mI (821) cpu_start: Pro cpu start user code[0m
[0;32mI (821) cpu_start: cpu freq: 240000000 Hz[0m
[0;32mI (823) app_init: Application information:[0m
[0;32mI (827) app_init: Project name:     object_detect[0m
[0;32mI (831) app_init: App version:      v0.9.4-256-g68f9e6b[0m
[0;32mI (836) app_init: Compile time:     May 19 2026 09:03:37[0m
[0;32mI (841) app_init: ELF file SHA256:  0219df8e8...[0m
[0;32mI (846) app_init: ESP-IDF:          v5.5.4[0m
[0;32mI (849) efuse_init: Min chip rev:     v0.0[0m
[0;32mI (853) efuse_init: Max chip rev:     v0.99 [0m
[0;32mI (857) efuse_init: Chip rev:         v0.2[0m
[0;32mI (861) heap_init: Initializing. RAM available for dynamic allocation:[0m
[0;32mI (867) heap_init: At 3FCA4278 len 00045498 (277 KiB): RAM[0m
[0;32mI (873) heap_init: At 3FCE9710 len 00005724 (21 KiB): RAM[0m
[0;32mI (878) esp_psram: Adding pool of 6272K of PSRAM memory to heap allocator[0m
[0;32mI (884) esp_psram: Adding pool of 25K of PSRAM memory gap generated due to end address alignment of drom to the heap allocator[0m
[0;32mI (896) spi_flash: detected chip: boya[0m
[0;32mI (899) spi_flash: flash io: qio[0m
[0;32mI (902) sleep_gpio: Configure to isolate all GPIO pins in sleep state[0m
[0;32mI (908) sleep_gpio: Enable automatic switching of GPIO sleep configuration[0m
[0;32mI (915) main_task: Started on CPU0[0m
[0;32mI (928) esp_psram: Reserving pool of 32K of internal memory for DMA/internal allocations[0m
[0;32mI (928) main_task: Calling app_main()[0m
[0;32mI (1229) MAIN: Boot time set: 2026-05-17 10:00:00[0m
[0;32mI (1229) MAIN: === Person Detection + Light Control ===[0m
[0;32mI (1229) MAIN: Frame sample rate  : every 7 frames[0m
[0;32mI (1231) MAIN: Confirm window     : 2 consecutive frames[0m
[0;32mI (1236) MAIN: Score threshold    : 0.60[0m
[0;32mI (1240) MAIN: Brightness thresh  : 100[0m
[0;32mI (1244) MAIN: SD max usage       : 12000 MB[0m
[0;32mI (1248) MAIN: Person trigger GPIO: GPIO 47 | direct HIGH/LOW (no timer)[0m
[0;32mI (1254) MAIN: Person trigger GPIO enabled: GPIO 47 (direct HIGH/LOW, no timer)[0m
[0;33mW (1261) S3-EYE: Warning: Long filenames on SD card are disabled in menuconfig![0m
[0;32mI (1324) MAIN: Loaded state: 20260517_100000 | 132[0m
[0;32mI (1325) MAIN: Restored image counter: 132[0m
[0;32mI (1352) MAIN: SD ready: /sdcard/detections | Used: 0 MB / 12000 MB max[0m
[0;32mI (1352) LightController: Initialized on GPIO21 | threshold=100 | active_HIGH[0m
[0;32mI (1354) MAIN: Loading model...[0m
[0;33mW (1358) FbsLoader: There is only one model in the flatbuffers, ignore the input model name![0m
[0;33mW (1365) FbsLoader: CONFIG_SPIRAM_RODATA or CONFIG_SPIRAM_XIP_FROM_PSRAM option is on, fbs model is copied to PSRAM.[0m
[0;33mW (1463) dl::Model: Minimize() will delete variables not used in model inference, which will make it impossible to test or debug the model.[0m
[0;32mI (1466) MAIN: Model ready.[0m
[0;32mI (1467) s3 ll_cam: DMA Channel=0[0m
[0;32mI (1470) cam_hal: cam init ok[0m
[1;31mE (1983) sccb-ng: SCCB_Write Failed addr:0x21, reg:0xff, data:0x01, ret:259[0m
[1;31mE (1983) sccb-ng: SCCB_Read Failed addr:0x21, reg:0x0a, data:0x60, ret:259[0m
[0;32mI (1985) ov7725: Mismatch PID=0x60[0m
[1;31mE (1988) sccb-ng: SCCB_Write Failed addr:0x21, reg:0xff, data:0x01, ret:259[0m
[1;31mE (1995) sccb-ng: SCCB_Read Failed addr:0x21, reg:0x0a, data:0x60, ret:259[0m
[0;32mI (2002) ov7760: Mismatch PID=0x60[0m
[1;31mE (2005) sccb-ng: SCCB_Read Failed addr:0x21, reg:0xf1, data:0x60, ret:259[0m
[1;31mE (2011) sccb-ng: SCCB_Read Failed addr:0x21, reg:0xf0, data:0x60, ret:259[0m
[0;32mI (2018) gc032a: Mismatch PID=0x6060[0m
[1;31mE (2021) sccb-ng: SCCB_Write Failed addr:0x21, reg:0xfe, data:0x00, ret:259[0m
[1;31mE (2028) sccb-ng: SCCB_Read Failed addr:0x21, reg:0x00, data:0x60, ret:259[0m
[0;32mI (2034) gc0308: Mismatch PID=0x60[0m
[0;32mI (2039) camera: Camera PID=0x3660 VER=0x00 MIDL=0x00 MIDH=0x00[0m
[0;32mI (2043) camera: Detected OV3660 camera[0m
[0;32mI (2047) camera: Detected camera at address=0x3c[0m
[0;32mI (2356) cam_hal: PSRAM DMA mode enabled[0m
[0;32mI (2356) s3 ll_cam: node_size: 3840, nodes_per_line: 1, lines_per_node: 8[0m
[0;32mI (2356) s3 ll_cam: dma_half_buffer_min:  3840, dma_half_buffer: 11520, lines_per_half_buffer: 24, dma_buffer_size: 115200[0m
[0;32mI (2365) cam_hal: buffer_size: 115200, half_buffer_size: 11520, node_buffer_size: 3840, node_cnt: 30, total_cnt: 11[0m
[0;32mI (2375) cam_hal: Allocating 126736 Byte frame buffer in PSRAM[0m
[0;32mI (2381) cam_hal: Frame[0]: Offset: 16, Addr: 0x3C273560[0m
[0;32mI (2386) cam_hal: Allocating 126736 Byte frame buffer in PSRAM[0m
[0;32mI (2392) cam_hal: Frame[1]: Offset: 16, Addr: 0x3C292490[0m
[0;32mI (2397) cam_hal: Allocating 126736 Byte frame buffer in PSRAM[0m
[0;32mI (2402) cam_hal: Frame[2]: Offset: 16, Addr: 0x3C2B13C0[0m
[0;32mI (2407) cam_hal: Allocating 126736 Byte frame buffer in PSRAM[0m
[0;32mI (2413) cam_hal: Frame[3]: Offset: 16, Addr: 0x3C2D02F0[0m
[0;32mI (2418) cam_hal: Allocating 126736 Byte frame buffer in PSRAM[0m
[0;32mI (2423) cam_hal: Frame[4]: Offset: 16, Addr: 0x3C2EF220[0m
[0;32mI (2429) cam_hal: cam config ok[0m
[0;32mI (2443) ov3660: Calculated VCO: 128000000 Hz, PLLCLK: 128000000 Hz, SYSCLK: 32000000 Hz, PCLK: 8000000 Hz[0m
[1;31mE (3445) i2c.master: I2C bus is still busy but software timeout detected[0m
[1;31mE (3445) sccb-ng: W [303a]=00 fail[0m

[1;31mE (3445) ov3660: set_sensor_pll FAILED![0m
[1;31mE (3447) camera: Failed to set frame size[0m
ESP_ERROR_CHECK failed: esp_err_t 0x20002 (ERROR) at 0x4200ca45
file: "/IDF/esp-who/components/who_peripherals/who_cam/who_s3_cam/who_s3_cam.cpp" line 26
func: who::cam::WhoS3Cam::WhoS3Cam(pixformat_t, framesize_t, uint8_t, bool, bool)
expression: esp_camera_init(&camera_config)

abort() was called at PC 0x4038109b on core 0


Backtrace: 0x403810d9:0x3fca7ad0 0x403810a5:0x3fca7af0 0x4038852a:0x3fca7b10 0x4038109b:0x3fca7b80 0x4200ca45:0x3fca7bb0 0x4200bf84:0x3fca7c60 0x4200b8d9:0x3fca7c90 0x421417a3:0x3fca7d50




ELF file SHA256: 0219df8e8

Rebooting...
���ESP-ROM:esp32s3-20210327
Build:Mar 27 2021
rst:0xc (RTC_SW_CPU_RST),boot:0x8 (SPI_FAST_FLASH_BOOT)
Saved PC:0x40381268
SPIWP:0xee
mode:DIO, clock div:1
load:0x3fce2820,len:0x1668
load:0x403c8700,len:0xec0
load:0x403cb700,len:0x317c
entry 0x403c894c
[0;32mI (29) boot: ESP-IDF v5.5.4 2nd stage bootloader[0m
[0;32mI (29) boot: compile time May 18 2026 18:15:35[0m
[0;32mI (29) boot: Multicore bootloader[0m
[0;32mI (29) boot: chip revision: v0.2[0m
[0;32mI (32) boot: efuse block revision: v1.4[0m
[0;32mI (36) qio_mode: Enabling default flash chip QIO[0m
[0;32mI (40) boot.esp32s3: Boot SPI Speed : 80MHz[0m
[0;32mI (44) boot.esp32s3: SPI Mode       : QIO[0m
[0;32mI (48) boot.esp32s3: SPI Flash Size : 16MB[0m
[0;32mI (51) boot: Enabling RNG early entropy source...[0m
[0;32mI (56) boot: Partition Table:[0m
[0;32mI (59) boot: ## Label            Usage          Type ST Offset   Length[0m
[0;32mI (65) boot:  0 nvs              WiFi data        01 02 00009000 00006000[0m
[0;32mI (71) boot:  1 phy_init         RF data          01 01 0000f000 00001000[0m
[0;32mI (78) boot:  2 factory          factory app      00 00 00010000 007d0000[0m
[0;32mI (84) boot: End of partition table[0m
[0;32mI (88) esp_image: segment 0: paddr=00010020 vaddr=3c150020 size=89a00h (563712) map[0m
[0;32mI (179) esp_image: segment 1: paddr=00099a28 vaddr=3fc9ac00 size=05e98h ( 24216) load[0m
[0;32mI (183) esp_image: segment 2: paddr=0009f8c8 vaddr=40378000 size=00750h (  1872) load[0m
[0;32mI (184) esp_image: segment 3: paddr=000a0020 vaddr=42000020 size=1423e8h (1319912) map[0m
[0;32mI (386) esp_image: segment 4: paddr=001e2410 vaddr=40378750 size=12438h ( 74808) load[0m
[0;32mI (401) esp_image: segment 5: paddr=001f4850 vaddr=50000000 size=00020h (    32) load[0m
[0;32mI (409) boot: Loaded app from partition at offset 0x10000[0m
[0;32mI (409) boot: Disabling RNG early entropy source...[0m
[0;32mI (419) octal_psram: vendor id    : 0x0d (AP)[0m
[0;32mI (419) octal_psram: dev id       : 0x02 (generation 3)[0m
[0;32mI (419) octal_psram: density      : 0x03 (64 Mbit)[0m
[0;32mI (421) octal_psram: good-die     : 0x01 (Pass)[0m
[0;32mI (425) octal_psram: Latency      : 0x01 (Fixed)[0m
[0;32mI (430) octal_psram: VCC          : 0x01 (3V)[0m
[0;32mI (434) octal_psram: SRF          : 0x01 (Fast Refresh)[0m
[0;32mI (439) octal_psram: BurstType    : 0x01 (Hybrid Wrap)[0m
[0;32mI (444) octal_psram: BurstLen     : 0x01 (32 Byte)[0m
[0;32mI (448) octal_psram: Readlatency  : 0x02 (10 cycles@Fixed)[0m
[0;32mI (453) octal_psram: DriveStrength: 0x00 (1/1)[0m
[0;32mI (458) MSPI Timing: Enter psram timing tuning[0m
[0;32mI (462) esp_psram: Found 8MB PSRAM device[0m
[0;32mI (465) esp_psram: Speed: 80MHz[0m
[0;32mI (502) mmu_psram: Read only data copied and mapped to SPIRAM[0m
[0;32mI (594) mmu_psram: Instructions copied and mapped to SPIRAM[0m
[0;32mI (594) cpu_start: Multicore app[0m
[0;32mI (813) esp_psram: SPI SRAM memory test OK[0m
[0;32mI (821) cpu_start: GPIO 44 and 43 are used as console UART I/O pins[0m
[0;32mI (821) cpu_start: Pro cpu start user code[0m
[0;32mI (821) cpu_start: cpu freq: 240000000 Hz[0m
[0;32mI (823) app_init: Application information:[0m
[0;32mI (827) app_init: Project name:     object_detect[0m
[0;32mI (831) app_init: App version:      v0.9.4-256-g68f9e6b[0m
[0;32mI (836) app_init: Compile time:     May 19 2026 09:03:37[0m
[0;32mI (841) app_init: ELF file SHA256:  0219df8e8...[0m
[0;32mI (846) app_init: ESP-IDF:          v5.5.4[0m
[0;32mI (849) efuse_init: Min chip rev:     v0.0[0m
[0;32mI (853) efuse_init: Max chip rev:     v0.99 [0m
[0;32mI (857) efuse_init: Chip rev:         v0.2[0m
[0;32mI (861) heap_init: Initializing. RAM available for dynamic allocation:[0m
[0;32mI (867) heap_init: At 3FCA4278 len 00045498 (277 KiB): RAM[0m
[0;32mI (873) heap_init: At 3FCE9710 len 00005724 (21 KiB): RAM[0m
[0;32mI (878) esp_psram: Adding pool of 6272K of PSRAM memory to heap allocator[0m
[0;32mI (884) esp_psram: Adding pool of 25K of PSRAM memory gap generated due to end address alignment of drom to the heap allocator[0m
[0;32mI (896) spi_flash: detected chip: boya[0m
[0;32mI (899) spi_flash: flash io: qio[0m
[0;32mI (902) sleep_gpio: Configure to isolate all GPIO pins in sleep state[0m
[0;32mI (908) sleep_gpio: Enable automatic switching of GPIO sleep configuration[0m
[0;32mI (915) main_task: Started on CPU0[0m
[0;32mI (928) esp_psram: Reserving pool of 32K of internal memory for DMA/internal allocations[0m
[0;32mI (928) main_task: Calling app_main()[0m
[0;32mI (1229) MAIN: Boot time set: 2026-05-17 10:00:00[0m
[0;32mI (1229) MAIN: === Person Detection + Light Control ===[0m
[0;32mI (1229) MAIN: Frame sample rate  : every 7 frames[0m
[0;32mI (1231) MAIN: Confirm window     : 2 consecutive frames[0m
[0;32mI (1236) MAIN: Score threshold    : 0.60[0m
[0;32mI (1240) MAIN: Brightness thresh  : 100[0m
[0;32mI (1244) MAIN: SD max usage       : 12000 MB[0m
[0;32mI (1248) MAIN: Person trigger GPIO: GPIO 47 | direct HIGH/LOW (no timer)[0m
[0;32mI (1254) MAIN: Person trigger GPIO enabled: GPIO 47 (direct HIGH/LOW, no timer)[0m
[0;33mW (1261) S3-EYE: Warning: Long filenames on SD card are disabled in menuconfig![0m
[0;32mI (1324) MAIN: Loaded state: 20260517_100000 | 132[0m
[0;32mI (1324) MAIN: Restored image counter: 132[0m
[0;32mI (1352) MAIN: SD ready: /sdcard/detections | Used: 0 MB / 12000 MB max[0m
[0;32mI (1352) LightController: Initialized on GPIO21 | threshold=100 | active_HIGH[0m
[0;32mI (1354) MAIN: Loading model...[0m
[0;33mW (1358) FbsLoader: There is only one model in the flatbuffers, ignore the input model name![0m
[0;33mW (1365) FbsLoader: CONFIG_SPIRAM_RODATA or CONFIG_SPIRAM_XIP_FROM_PSRAM option is on, fbs model is copied to PSRAM.[0m
[0;33mW (1463) dl::Model: Minimize() will delete variables not used in model inference, which will make it impossible to test or debug the model.[0m
[0;32mI (1466) MAIN: Model ready.[0m
[0;32mI (1467) s3 ll_cam: DMA Channel=0[0m
[0;32mI (1470) cam_hal: cam init ok[0m
[1;31mE (1983) sccb-ng: SCCB_Write Failed addr:0x21, reg:0xff, data:0x01, ret:259[0m
[1;31mE (1983) sccb-ng: SCCB_Read Failed addr:0x21, reg:0x0a, data:0x83, ret:259[0m
[0;32mI (1985) ov7725: Mismatch PID=0x83[0m
[1;31mE (1988) sccb-ng: SCCB_Write Failed addr:0x21, reg:0xff, data:0x01, ret:259[0m
[1;31mE (1995) sccb-ng: SCCB_Read Failed addr:0x21, reg:0x0a, data:0x83, ret:259[0m
[0;32mI (2002) ov7760: Mismatch PID=0x83[0m
[1;31mE (2005) sccb-ng: SCCB_Read Failed addr:0x21, reg:0xf1, data:0x83, ret:259[0m
[1;31mE (2011) sccb-ng: SCCB_Read Failed addr:0x21, reg:0xf0, data:0x83, ret:259[0m
[0;32mI (2018) gc032a: Mismatch PID=0x8383[0m
[1;31mE (2021) sccb-ng: SCCB_Write Failed addr:0x21, reg:0xfe, data:0x00, ret:259[0m
[1;31mE (2028) sccb-ng: SCCB_Read Failed addr:0x21, reg:0x00, data:0x83, ret:259[0m
[0;32mI (2034) gc0308: Mismatch PID=0x83[0m
[0;32mI (2039) camera: Camera PID=0x3660 VER=0x00 MIDL=0x00 MIDH=0x00[0m
[0;32mI (2043) camera: Detected OV3660 camera[0m
[0;32mI (2047) camera: Detected camera at address=0x3c[0m
[1;31mE (3232) i2c.master: I2C bus is still busy but software timeout detected[0m
[1;31mE (3232) sccb-ng: W [5822]=10 fail[0m

[1;31mE (3232) camera: Camera probe failed with error 0xffffffff(ESP_FAIL)[0m
ESP_ERROR_CHECK failed: esp_err_t 0xffffffff (ESP_FAIL) at 0x4200ca45
file: "/IDF/esp-who/components/who_peripherals/who_cam/who_s3_cam/who_s3_cam.cpp" line 26
func: who::cam::WhoS3Cam::WhoS3Cam(pixformat_t, framesize_t, uint8_t, bool, bool)
expression: esp_camera_init(&camera_config)

abort() was called at PC 0x4038109b on core 0


Backtrace: 0x403810d9:0x3fca7ad0 0x403810a5:0x3fca7af0 0x4038852a:0x3fca7b10 0x4038109b:0x3fca7b80 0x4200ca45:0x3fca7bb0 0x4200bf84:0x3fca7c60 0x4200b8d9:0x3fca7c90 0x421417a3:0x3fca7d50




ELF file SHA256: 0219df8e8

Rebooting...
ESP-ROM:esp32s3-20210327
Build:Mar 27 2021
rst:0xc (RTC_SW_CPU_RST),boot:0x8 (SPI_FAST_FLASH_BOOT)
Saved PC:0x40381268
SPIWP:0xee
mode:DIO, clock div:1
load:0x3fce2820,len:0x1668
load:0x403c8700,len:0xec0
load:0x403cb700,len:0x317c
entry 0x403c894c
[0;32mI (29) boot: ESP-IDF v5.5.4 2nd stage bootloader[0m
[0;32mI (29) boot: compile time May 18 2026 18:15:35[0m
[0;32mI (29) boot: Multicore bootloader[0m
[0;32mI (29) boot: chip revision: v0.2[0m
[0;32mI (32) boot: efuse block revision: v1.4[0m
[0;32mI (36) qio_mode: Enabling default flash chip QIO[0m
[0;32mI (40) boot.esp32s3: Boot SPI Speed : 80MHz[0m
[0;32mI (44) boot.esp32s3: SPI Mode       : QIO[0m
[0;32mI (48) boot.esp32s3: SPI Flash Size : 16MB[0m
[0;32mI (51) boot: Enabling RNG early entropy source...[0m
[0;32mI (56) boot: Partition Table:[0m
[0;32mI (59) boot: ## Label            Usage          Type ST Offset   Length[0m
[0;32mI (65) boot:  0 nvs              WiFi data        01 02 00009000 00006000[0m
[0;32mI (71) boot:  1 phy_init         RF data          01 01 0000f000 00001000[0m
[0;32mI (78) boot:  2 factory          factory app      00 00 00010000 007d0000[0m
[0;32mI (84) boot: End of partition table[0m
[0;32mI (88) esp_image: segment 0: paddr=00010020 vaddr=3c150020 size=89a00h (563712) map[0m
[0;32mI (179) esp_image: segment 1: paddr=00099a28 vaddr=3fc9ac00 size=05e98h ( 24216) load[0m
[0;32mI (183) esp_image: segment 2: paddr=0009f8c8 vaddr=40378000 size=00750h (  1872) load[0m
[0;32mI (184) esp_image: segment 3: paddr=000a0020 vaddr=42000020 size=1423e8h (1319912) map[0m
[0;32mI (386) esp_image: segment 4: paddr=001e2410 vaddr=40378750 size=12438h ( 74808) load[0m
[0;32mI (401) esp_image: segment 5: paddr=001f4850 vaddr=50000000 size=00020h (    32) load[0m
[0;32mI (409) boot: Loaded app from partition at offset 0x10000[0m
[0;32mI (409) boot: Disabling RNG early entropy source...[0m
[0;32mI (419) octal_psram: vendor id    : 0x0d (AP)[0m
[0;32mI (419) octal_psram: dev id       : 0x02 (generation 3)[0m
[0;32mI (419) octal_psram: density      : 0x03 (64 Mbit)[0m
[0;32mI (421) octal_psram: good-die     : 0x01 (Pass)[0m
[0;32mI (425) octal_psram: Latency      : 0x01 (Fixed)[0m
[0;32mI (430) octal_psram: VCC          : 0x01 (3V)[0m
[0;32mI (434) octal_psram: SRF          : 0x01 (Fast Refresh)[0m
[0;32mI (439) octal_psram: BurstType    : 0x01 (Hybrid Wrap)[0m
[0;32mI (444) octal_psram: BurstLen     : 0x01 (32 Byte)[0m
[0;32mI (448) octal_psram: Readlatency  : 0x02 (10 cycles@Fixed)[0m
[0;32mI (453) octal_psram: DriveStrength: 0x00 (1/1)[0m
[0;32mI (458) MSPI Timing: Enter psram timing tuning[0m
[0;32mI (462) esp_psram: Found 8MB PSRAM device[0m
[0;32mI (465) esp_psram: Speed: 80MHz[0m
[0;32mI (502) mmu_psram: Read only data copied and mapped to SPIRAM[0m
[0;32mI (594) mmu_psram: Instructions copied and mapped to SPIRAM[0m
[0;32mI (594) cpu_start: Multicore app[0m
[0;32mI (813) esp_psram: SPI SRAM memory test OK[0m
[0;32mI (821) cpu_start: GPIO 44 and 43 are used as console UART I/O pins[0m
[0;32mI (821) cpu_start: Pro cpu start user code[0m
[0;32mI (821) cpu_start: cpu freq: 240000000 Hz[0m
[0;32mI (823) app_init: Application information:[0m
[0;32mI (827) app_init: Project name:     object_detect[0m
[0;32mI (831) app_init: App version:      v0.9.4-256-g68f9e6b[0m
[0;32mI (836) app_init: Compile time:     May 19 2026 09:03:37[0m
[0;32mI (841) app_init: ELF file SHA256:  0219df8e8...[0m
[0;32mI (846) app_init: ESP-IDF:          v5.5.4[0m
[0;32mI (849) efuse_init: Min chip rev:     v0.0[0m
[0;32mI (853) efuse_init: Max chip rev:     v0.99 [0m
[0;32mI (857) efuse_init: Chip rev:         v0.2[0m
[0;32mI (861) heap_init: Initializing. RAM available for dynamic allocation:[0m
[0;32mI (867) heap_init: At 3FCA4278 len 00045498 (277 KiB): RAM[0m
[0;32mI (873) heap_init: At 3FCE9710 len 00005724 (21 KiB): RAM[0m
[0;32mI (878) esp_psram: Adding pool of 6272K of PSRAM memory to heap allocator[0m
[0;32mI (884) esp_psram: Adding pool of 25K of PSRAM memory gap generated due to end address alignment of drom to the heap allocator[0m
[0;32mI (896) spi_flash: detected chip: boya[0m
[0;32mI (899) spi_flash: flash io: qio[0m
[0;32mI (902) sleep_gpio: Configure to isolate all GPIO pins in sleep state[0m
[0;32mI (908) sleep_gpio: Enable automatic switching of GPIO sleep configuration[0m
[0;32mI (915) main_task: Started on CPU0[0m
[0;32mI (928) esp_psram: Reserving pool of 32K of internal memory for DMA/internal allocations[0m
[0;32mI (928) main_task: Calling app_main()[0m
[0;32mI (1229) MAIN: Boot time set: 2026-05-17 10:00:00[0m
[0;32mI (1229) MAIN: === Person Detection + Light Control ===[0m
[0;32mI (1229) MAIN: Frame sample rate  : every 7 frames[0m
[0;32mI (1231) MAIN: Confirm window     : 2 consecutive frames[0m
[0;32mI (1236) MAIN: Score threshold    : 0.60[0m
[0;32mI (1240) MAIN: Brightness thresh  : 100[0m
[0;32mI (1244) MAIN: SD max usage       : 12000 MB[0m
[0;32mI (1248) MAIN: Person trigger GPIO: GPIO 47 | direct HIGH/LOW (no timer)[0m
[0;32mI (1254) MAIN: Person trigger GPIO enabled: GPIO 47 (direct HIGH/LOW, no timer)[0m
[0;33mW (1261) S3-EYE: Warning: Long filenames on SD card are disabled in menuconfig![0m
[0;32mI (1324) MAIN: Loaded state: 20260517_100000 | 132[0m
[0;32mI (1325) MAIN: Restored image counter: 132[0m
[0;32mI (1352) MAIN: SD ready: /sdcard/detections | Used: 0 MB / 12000 MB max[0m
[0;32mI (1352) LightController: Initialized on GPIO21 | threshold=100 | active_HIGH[0m
[0;32mI (1354) MAIN: Loading model...[0m
[0;33mW (1358) FbsLoader: There is only one model in the flatbuffers, ignore the input model name![0m
[0;33mW (1365) FbsLoader: CONFIG_SPIRAM_RODATA or CONFIG_SPIRAM_XIP_FROM_PSRAM option is on, fbs model is copied to PSRAM.[0m
[0;33mW (1463) dl::Model: Minimize() will delete variables not used in model inference, which will make it impossible to test or debug the model.[0m
[0;32mI (1466) MAIN: Model ready.[0m
[0;32mI (1467) s3 ll_cam: DMA Channel=0[0m
[0;32mI (1470) cam_hal: cam init ok[0m
[1;31mE (1983) sccb-ng: SCCB_Write Failed addr:0x21, reg:0xff, data:0x01, ret:259[0m
[1;31mE (1983) sccb-ng: SCCB_Read Failed addr:0x21, reg:0x0a, data:0x60, ret:259[0m
[0;32mI (1985) ov7725: Mismatch PID=0x60[0m
[1;31mE (1988) sccb-ng: SCCB_Write Failed addr:0x21, reg:0xff, data:0x01, ret:259[0m
[1;31mE (1995) sccb-ng: SCCB_Read Failed addr:0x21, reg:0x0a, data:0x60, ret:259[0m
[0;32mI (2002) ov7760: Mismatch PID=0x60[0m
[1;31mE (2005) sccb-ng: SCCB_Read Failed addr:0x21, reg:0xf1, data:0x60, ret:259[0m
[1;31mE (2011) sccb-ng: SCCB_Read Failed addr:0x21, reg:0xf0, data:0x60, ret:259[0m
[0;32mI (2018) gc032a: Mismatch PID=0x6060[0m
[1;31mE (2021) sccb-ng: SCCB_Write Failed addr:0x21, reg:0xfe, data:0x00, ret:259[0m
[1;31mE (2028) sccb-ng: SCCB_Read Failed addr:0x21, reg:0x00, data:0x60, ret:259[0m
[0;32mI (2034) gc0308: Mismatch PID=0x60[0m
[0;32mI (2039) camera: Camera PID=0x3660 VER=0x00 MIDL=0x00 MIDH=0x00[0m
[0;32mI (2043) camera: Detected OV3660 camera[0m
[0;32mI (2047) camera: Detected camera at address=0x3c[0m
[1;31mE (3235) i2c.master: I2C bus is still busy but software timeout detected[0m
[1;31mE (3235) sccb-ng: W [5829]=25 fail[0m

[1;31mE (3235) camera: Camera probe failed with error 0xffffffff(ESP_FAIL)[0m
ESP_ERROR_CHECK failed: esp_err_t 0xffffffff (ESP_FAIL) at 0x4200ca45
file: "/IDF/esp-who/components/who_peripherals/who_cam/who_s3_cam/who_s3_cam.cpp" line 26
func: who::cam::WhoS3Cam::WhoS3Cam(pixformat_t, framesize_t, uint8_t, bool, bool)
expression: esp_camera_init(&camera_config)

abort() was called at PC 0x4038109b on core 0


Backtrace: 0x403810d9:0x3fca7ad0 0x403810a5:0x3fca7af0 0x4038852a:0x3fca7b10 0x4038109b:0x3fca7b80 0x4200ca45:0x3fca7bb0 0x4200bf84:0x3fca7c60 0x4200b8d9:0x3fca7c90 0x421417a3:0x3fca7d50




ELF file SHA256: 0219df8e8

Rebooting...
ESP-ROM:esp32s3-20210327
Build:Mar 27 2021
rst:0xc (RTC_SW_CPU_RST),boot:0x8 (SPI_FAST_FLASH_BOOT)
Saved PC:0x40381268
SPIWP:0xee
mode:DIO, clock div:1
load:0x3fce2820,len:0x1668
load:0x403c8700,len:0xec0
load:0x403cb700,len:0x317c
entry 0x403c894c
[0;32mI (29) boot: ESP-IDF v5.5.4 2nd stage bootloader[0m
[0;32mI (29) boot: compile time May 18 2026 18:15:35[0m
[0;32mI (29) boot: Multicore bootloader[0m
[0;32mI (29) boot: chip revision: v0.2[0m
[0;32mI (32) boot: efuse block revision: v1.4[0m
[0;32mI (36) qio_mode: Enabling default flash chip QIO[0m
[0;32mI (40) boot.esp32s3: Boot SPI Speed : 80MHz[0m
[0;32mI (44) boot.esp32s3: SPI Mode       : QIO[0m
[0;32mI (48) boot.esp32s3: SPI Flash Size : 16MB[0m
[0;32mI (51) boot: Enabling RNG early entropy source...[0m
[0;32mI (56) boot: Partition Table:[0m
[0;32mI (59) boot: ## Label            Usage          Type ST Offset   Length[0m
[0;32mI (65) boot:  0 nvs              WiFi data        01 02 00009000 00006000[0m
[0;32mI (71) boot:  1 phy_init         RF data          01 01 0000f000 00001000[0m
[0;32mI (78) boot:  2 factory          factory app      00 00 00010000 007d0000[0m
[0;32mI (84) boot: End of partition table[0m
[0;32mI (88) esp_image: segment 0: paddr=00010020 vaddr=3c150020 size=89a00h (563712) map[0m
[0;32mI (179) esp_image: segment 1: paddr=00099a28 vaddr=3fc9ac00 size=05e98h ( 24216) load[0m
[0;32mI (183) esp_image: segment 2: paddr=0009f8c8 vaddr=40378000 size=00750h (  1872) load[0m
[0;32mI (184) esp_image: segment 3: paddr=000a0020 vaddr=42000020 size=1423e8h (1319912) map[0m
[0;32mI (386) esp_image: segment 4: paddr=001e2410 vaddr=40378750 size=12438h ( 74808) load[0m
[0;32mI (401) esp_image: segment 5: paddr=001f4850 vaddr=50000000 size=00020h (    32) load[0m
[0;32mI (409) boot: Loaded app from partition at offset 0x10000[0m
[0;32mI (409) boot: Disabling RNG early entropy source...[0m
[0;32mI (419) octal_psram: vendor id    : 0x0d (AP)[0m
[0;32mI (419) octal_psram: dev id       : 0x02 (generation 3)[0m
[0;32mI (419) octal_psram: density      : 0x03 (64 Mbit)[0m
[0;32mI (421) octal_psram: good-die     : 0x01 (Pass)[0m
[0;32mI (425) octal_psram: Latency      : 0x01 (Fixed)[0m
[0;32mI (430) octal_psram: VCC          : 0x01 (3V)[0m
[0;32mI (434) octal_psram: SRF          : 0x01 (Fast Refresh)[0m
[0;32mI (439) octal_psram: BurstType    : 0x01 (Hybrid Wrap)[0m
[0;32mI (444) octal_psram: BurstLen     : 0x01 (32 Byte)[0m
[0;32mI (448) octal_psram: Readlatency  : 0x02 (10 cycles@Fixed)[0m
[0;32mI (453) octal_psram: DriveStrength: 0x00 (1/1)[0m
[0;32mI (458) MSPI Timing: Enter psram timing tuning[0m
[0;32mI (462) esp_psram: Found 8MB PSRAM device[0m
[0;32mI (465) esp_psram: Speed: 80MHz[0m
[0;32mI (502) mmu_psram: Read only data copied and mapped to SPIRAM[0m
[0;32mI (594) mmu_psram: Instructions copied and mapped to SPIRAM[0m
[0;32mI (594) cpu_start: Multicore app[0m
[0;32mI (813) esp_psram: SPI SRAM memory test OK[0m
[0;32mI (821) cpu_start: GPIO 44 and 43 are used as console UART I/O pins[0m
[0;32mI (821) cpu_start: Pro cpu start user code[0m
[0;32mI (821) cpu_start: cpu freq: 240000000 Hz[0m
[0;32mI (823) app_init: Application information:[0m
[0;32mI (827) app_init: Project name:     object_detect[0m
[0;32mI (831) app_init: App version:      v0.9.4-256-g68f9e6b[0m
[0;32mI (836) app_init: Compile time:     May 19 2026 09:03:37[0m
[0;32mI (841) app_init: ELF file SHA256:  0219df8e8...[0m
[0;32mI (846) app_init: ESP-IDF:          v5.5.4[0m
[0;32mI (849) efuse_init: Min chip rev:     v0.0[0m
[0;32mI (853) efuse_init: Max chip rev:     v0.99 [0m
[0;32mI (857) efuse_init: Chip rev:         v0.2[0m
[0;32mI (861) heap_init: Initializing. RAM available for dynamic allocation:[0m
[0;32mI (867) heap_init: At 3FCA4278 len 00045498 (277 KiB): RAM[0m
[0;32mI (873) heap_init: At 3FCE9710 len 00005724 (21 KiB): RAM[0m
[0;32mI (878) esp_psram: Adding pool of 6272K of PSRAM memory to heap allocator[0m
[0;32mI (884) esp_psram: Adding pool of 25K of PSRAM memory gap generated due to end address alignment of drom to the heap allocator[0m
[0;32mI (896) spi_flash: detected chip: boya[0m
[0;32mI (899) spi_flash: flash io: qio[0m
[0;32mI (902) sleep_gpio: Configure to isolate all GPIO pins in sleep state[0m
[0;32mI (908) sleep_gpio: Enable automatic switching of GPIO sleep configuration[0m
[0;32mI (915) main_task: Started on CPU0[0m
[0;32mI (928) esp_psram: Reserving pool of 32K of internal memory for DMA/internal allocations[0m
[0;32mI (928) main_task: Calling app_main()[0m
[0;32mI (1229) MAIN: Boot time set: 2026-05-17 10:00:00[0m
[0;32mI (1229) MAIN: === Person Detection + Light Control ===[0m
[0;32mI (1229) MAIN: Frame sample rate  : every 7 frames[0m
[0;32mI (1231) MAIN: Confirm window     : 2 consecutive frames[0m
[0;32mI (1236) MAIN: Score threshold    : 0.60[0m
[0;32mI (1240) MAIN: Brightness thresh  : 100[0m
[0;32mI (1244) MAIN: SD max usage       : 12000 MB[0m
[0;32mI (1248) MAIN: Person trigger GPIO: GPIO 47 | direct HIGH/LOW (no timer)[0m
[0;32mI (1254) MAIN: Person trigger GPIO enabled: GPIO 47 (direct HIGH/LOW, no timer)[0m
[0;33mW (1261) S3-EYE: Warning: Long filenames on SD card are disabled in menuconfig![0m
[0;32mI (1324) MAIN: Loaded state: 20260517_100000 | 132[0m
[0;32mI (1324) MAIN: Restored image counter: 132[0m
[0;32mI (1352) MAIN: SD ready: /sdcard/detections | Used: 0 MB / 12000 MB max[0m
[0;32mI (1352) LightController: Initialized on GPIO21 | threshold=100 | active_HIGH[0m
[0;32mI (1354) MAIN: Loading model...[0m
[0;33mW (1358) FbsLoader: There is only one model in the flatbuffers, ignore the input model name![0m
[0;33mW (1365) FbsLoader: CONFIG_SPIRAM_RODATA or CONFIG_SPIRAM_XIP_FROM_PSRAM option is on, fbs model is copied to PSRAM.[0m
[0;33mW (1463) dl::Model: Minimize() will delete variables not used in model inference, which will make it impossible to test or debug the model.[0m
[0;32mI (1466) MAIN: Model ready.[0m
[0;32mI (1467) s3 ll_cam: DMA Channel=0[0m
[0;32mI (1470) cam_hal: cam init ok[0m
[1;31mE (1983) sccb-ng: SCCB_Write Failed addr:0x21, reg:0xff, data:0x01, ret:259[0m
[1;31mE (1983) sccb-ng: SCCB_Read Failed addr:0x21, reg:0x0a, data:0x60, ret:259[0m
[0;32mI (1985) ov7725: Mismatch PID=0x60[0m
[1;31mE (1988) sccb-ng: SCCB_Write Failed addr:0x21, reg:0xff, data:0x01, ret:259[0m
[1;31mE (1995) sccb-ng: SCCB_Read Failed addr:0x21, reg:0x0a, data:0x60, ret:259[0m
[0;32mI (2002) ov7760: Mismatch PID=0x60[0m
[1;31mE (2005) sccb-ng: SCCB_Read Failed addr:0x21, reg:0xf1, data:0x60, ret:259[0m
[1;31mE (2011) sccb-ng: SCCB_Read Failed addr:0x21, reg:0xf0, data:0x60, ret:259[0m
[0;32mI (2018) gc032a: Mismatch PID=0x6060[0m
[1;31mE (2021) sccb-ng: SCCB_Write Failed addr:0x21, reg:0xfe, data:0x00, ret:259[0m
[1;31mE (2028) sccb-ng: SCCB_Read Failed addr:0x21, reg:0x00, data:0x60, ret:259[0m
[0;32mI (2034) gc0308: Mismatch PID=0x60[0m
[0;32mI (2039) camera: Camera PID=0x3660 VER=0x00 MIDL=0x00 MIDH=0x00[0m
[0;32mI (2043) camera: Detected OV3660 camera[0m
[0;32mI (2047) camera: Detected camera at address=0x3c[0m
[1;31mE (3226) i2c.master: I2C bus is still busy but software timeout detected[0m
[1;31mE (3226) sccb-ng: W [5813]=01 fail[0m

[1;31mE (3226) camera: Camera probe failed with error 0xffffffff(ESP_FAIL)[0m
ESP_ERROR_CHECK failed: esp_err_t 0xffffffff (ESP_FAIL) at 0x4200ca45
file: "/IDF/esp-who/components/who_peripherals/who_cam/who_s3_cam/who_s3_cam.cpp" line 26
func: who::cam::WhoS3Cam::WhoS3Cam(pixformat_t, framesize_t, uint8_t, bool, bool)
expression: esp_camera_init(&camera_config)

abort() was called at PC 0x4038109b on core 0


Backtrace: 0x403810d9:0x3fca7ad0 0x403810a5:0x3fca7af0 0x4038852a:0x3fca7b10 0x4038109b:0x3fca7b80 0x4200ca45:0x3fca7bb0 0x4200bf84:0x3fca7c60 0x4200b8d9:0x3fca7c90 0x421417a3:0x3fca7d50




ELF file SHA256: 0219df8e8

Rebooting...
ESP-ROM:esp32s3-20210327
Build:Mar 27 2021
rst:0xc (RTC_SW_CPU_RST),boot:0x8 (SPI_FAST_FLASH_BOOT)
Saved PC:0x40381268
SPIWP:0xee
mode:DIO, clock div:1
load:0x3fce2820,len:0x1668
load:0x403c8700,len:0xec0
load:0x403cb700,len:0x317c
entry 0x403c894c
[0;32mI (29) boot: ESP-IDF v5.5.4 2nd stage bootloader[0m
[0;32mI (29) boot: compile time May 18 2026 18:15:35[0m
[0;32mI (29) boot: Multicore bootloader[0m
[0;32mI (29) boot: chip revision: v0.2[0m
[0;32mI (32) boot: efuse block revision: v1.4[0m
[0;32mI (36) qio_mode: Enabling default flash chip QIO[0m
[0;32mI (40) boot.esp32s3: Boot SPI Speed : 80MHz[0m
[0;32mI (44) boot.esp32s3: SPI Mode       : QIO[0m
[0;32mI (48) boot.esp32s3: SPI Flash Size : 16MB[0m
[0;32mI (51) boot: Enabling RNG early entropy source...[0m
[0;32mI (56) boot: Partition Table:[0m
[0;32mI (59) boot: ## Label            Usage          Type ST Offset   Length[0m
[0;32mI (65) boot:  0 nvs              WiFi data        01 02 00009000 00006000[0m
[0;32mI (71) boot:  1 phy_init         RF data          01 01 0000f000 00001000[0m
[0;32mI (78) boot:  2 factory          factory app      00 00 00010000 007d0000[0m
[0;32mI (84) boot: End of partition table[0m
[0;32mI (88) esp_image: segment 0: paddr=00010020 vaddr=3c150020 size=89a00h (563712) map[0m
[0;32mI (179) esp_image: segment 1: paddr=00099a28 vaddr=3fc9ac00 size=05e98h ( 24216) load[0m
[0;32mI (183) esp_image: segment 2: paddr=0009f8c8 vaddr=40378000 size=00750h (  1872) load[0m
[0;32mI (184) esp_image: segment 3: paddr=000a0020 vaddr=42000020 size=1423e8h (1319912) map[0m
[0;32mI (386) esp_image: segment 4: paddr=001e2410 vaddr=40378750 size=12438h ( 74808) load[0m
[0;32mI (401) esp_image: segment 5: paddr=001f4850 vaddr=50000000 size=00020h (    32) load[0m
[0;32mI (409) boot: Loaded app from partition at offset 0x10000[0m
[0;32mI (409) boot: Disabling RNG early entropy source...[0m
[0;32mI (419) octal_psram: vendor id    : 0x0d (AP)[0m
[0;32mI (419) octal_psram: dev id       : 0x02 (generation 3)[0m
[0;32mI (419) octal_psram: density      : 0x03 (64 Mbit)[0m
[0;32mI (421) octal_psram: good-die     : 0x01 (Pass)[0m
[0;32mI (425) octal_psram: Latency      : 0x01 (Fixed)[0m
[0;32mI (430) octal_psram: VCC          : 0x01 (3V)[0m
[0;32mI (434) octal_psram: SRF          : 0x01 (Fast Refresh)[0m
[0;32mI (439) octal_psram: BurstType    : 0x01 (Hybrid Wrap)[0m
[0;32mI (444) octal_psram: BurstLen     : 0x01 (32 Byte)[0m
[0;32mI (448) octal_psram: Readlatency  : 0x02 (10 cycles@Fixed)[0m
[0;32mI (453) octal_psram: DriveStrength: 0x00 (1/1)[0m
[0;32mI (458) MSPI Timing: Enter psram timing tuning[0m
[0;32mI (462) esp_psram: Found 8MB PSRAM device[0m
[0;32mI (465) esp_psram: Speed: 80MHz[0m
[0;32mI (502) mmu_psram: Read only data copied and mapped to SPIRAM[0m
[0;32mI (594) mmu_psram: Instructions copied and mapped to SPIRAM[0m
[0;32mI (594) cpu_start: Multicore app[0m
[0;32mI (813) esp_psram: SPI SRAM memory test OK[0m
[0;32mI (821) cpu_start: GPIO 44 and 43 are used as console UART I/O pins[0m
[0;32mI (821) cpu_start: Pro cpu start user code[0m
[0;32mI (821) cpu_start: cpu freq: 240000000 Hz[0m
[0;32mI (823) app_init: Application information:[0m
[0;32mI (827) app_init: Project name:     object_detect[0m
[0;32mI (831) app_init: App version:      v0.9.4-256-g68f9e6b[0m
[0;32mI (836) app_init: Compile time:     May 19 2026 09:03:37[0m
[0;32mI (841) app_init: ELF file SHA256:  0219df8e8...[0m
[0;32mI (846) app_init: ESP-IDF:          v5.5.4[0m
[0;32mI (849) efuse_init: Min chip rev:     v0.0[0m
[0;32mI (853) efuse_init: Max chip rev:     v0.99 [0m
[0;32mI (857) efuse_init: Chip rev:         v0.2[0m
[0;32mI (861) heap_init: Initializing. RAM available for dynamic allocation:[0m
[0;32mI (867) heap_init: At 3FCA4278 len 00045498 (277 KiB): RAM[0m
[0;32mI (873) heap_init: At 3FCE9710 len 00005724 (21 KiB): RAM[0m
[0;32mI (878) esp_psram: Adding pool of 6272K of PSRAM memory to heap allocator[0m
[0;32mI (884) esp_psram: Adding pool of 25K of PSRAM memory gap generated due to end address alignment of drom to the heap allocator[0m
[0;32mI (896) spi_flash: detected chip: boya[0m
[0;32mI (899) spi_flash: flash io: qio[0m
[0;32mI (902) sleep_gpio: Configure to isolate all GPIO pins in sleep state[0m
[0;32mI (908) sleep_gpio: Enable automatic switching of GPIO sleep configuration[0m
[0;32mI (915) main_task: Started on CPU0[0m
[0;32mI (928) esp_psram: Reserving pool of 32K of internal memory for DMA/internal allocations[0m
[0;32mI (928) main_task: Calling app_main()[0m
[0;32mI (1229) MAIN: Boot time set: 2026-05-17 10:00:00[0m
[0;32mI (1229) MAIN: === Person Detection + Light Control ===[0m
[0;32mI (1229) MAIN: Frame sample rate  : every 7 frames[0m
[0;32mI (1231) MAIN: Confirm window     : 2 consecutive frames[0m
[0;32mI (1236) MAIN: Score threshold    : 0.60[0m
[0;32mI (1240) MAIN: Brightness thresh  : 100[0m
[0;32mI (1244) MAIN: SD max usage       : 12000 MB[0m
[0;32mI (1248) MAIN: Person trigger GPIO: GPIO 47 | direct HIGH/LOW (no timer)[0m
[0;32mI (1254) MAIN: Person trigger GPIO enabled: GPIO 47 (direct HIGH/LOW, no timer)[0m
[0;33mW (1261) S3-EYE: Warning: Long filenames on SD card are disabled in menuconfig![0m
[0;32mI (1325) MAIN: Loaded state: 20260517_100000 | 132[0m
[0;32mI (1325) MAIN: Restored image counter: 132[0m
[0;32mI (1352) MAIN: SD ready: /sdcard/detections | Used: 0 MB / 12000 MB max[0m
[0;32mI (1352) LightController: Initialized on GPIO21 | threshold=100 | active_HIGH[0m
[0;32mI (1354) MAIN: Loading model...[0m
[0;33mW (1358) FbsLoader: There is only one model in the flatbuffers, ignore the input model name![0m
[0;33mW (1365) FbsLoader: CONFIG_SPIRAM_RODATA or CONFIG_SPIRAM_XIP_FROM_PSRAM option is on, fbs model is copied to PSRAM.[0m
[0;33mW (1464) dl::Model: Minimize() will delete variables not used in model inference, which will make it impossible to test or debug the model.[0m
[0;32mI (1466) MAIN: Model ready.[0m
[0;32mI (1468) s3 ll_cam: DMA Channel=0[0m
[0;32mI (1470) cam_hal: cam init ok[0m
[1;31mE (1983) sccb-ng: SCCB_Write Failed addr:0x21, reg:0xff, data:0x01, ret:259[0m
[1;31mE (1983) sccb-ng: SCCB_Read Failed addr:0x21, reg:0x0a, data:0x60, ret:259[0m
[0;32mI (1985) ov7725: Mismatch PID=0x60[0m
[1;31mE (1988) sccb-ng: SCCB_Write Failed addr:0x21, reg:0xff, data:0x01, ret:259[0m
[1;31mE (1995) sccb-ng: SCCB_Read Failed addr:0x21, reg:0x0a, data:0x60, ret:259[0m
[0;32mI (2002) ov7760: Mismatch PID=0x60[0m
[1;31mE (2005) sccb-ng: SCCB_Read Failed addr:0x21, reg:0xf1, data:0x60, ret:259[0m
[1;31mE (2011) sccb-ng: SCCB_Read Failed addr:0x21, reg:0xf0, data:0x60, ret:259[0m
[0;32mI (2018) gc032a: Mismatch PID=0x6060[0m
[1;31mE (2021) sccb-ng: SCCB_Write Failed addr:0x21, reg:0xfe, data:0x00, ret:259[0m
[1;31mE (2028) sccb-ng: SCCB_Read Failed addr:0x21, reg:0x00, data:0x60, ret:259[0m
[0;32mI (2034) gc0308: Mismatch PID=0x60[0m
[0;32mI (2039) camera: Camera PID=0x3660 VER=0x00 MIDL=0x00 MIDH=0x00[0m
[0;32mI (2043) camera: Detected OV3660 camera[0m
[0;32mI (2047) camera: Detected camera at address=0x3c[0m
[1;31mE (3062) i2c.master: I2C bus is still busy but software timeout detected[0m
[1;31mE (3062) sccb-ng: W [3008]=82 fail[0m

[1;31mE (3062) ov3660: Software Reset FAILED![0m
[1;31mE (3064) camera: Camera probe failed with error 0xffffffff(ESP_FAIL)[0m
ESP_ERROR_CHECK failed: esp_err_t 0xffffffff (ESP_FAIL) at 0x4200ca45
file: "/IDF/esp-who/components/who_peripherals/who_cam/who_s3_cam/who_s3_cam.cpp" line 26
func: who::cam::WhoS3Cam::WhoS3Cam(pixformat_t, framesize_t, uint8_t, bool, bool)
expression: esp_camera_init(&camera_config)

abort() was called at PC 0x4038109b on core 0


Backtrace: 0x403810d9:0x3fca7ad0 0x403810a5:0x3fca7af0 0x4038852a:0x3fca7b10 0x4038109b:0x3fca7b80 0x4200ca45:0x3fca7bb0 0x4200bf84:0x3fca7c60 0x4200b8d9:0x3fca7c90 0x421417a3:0x3fca7d50




ELF file SHA256: 0219df8e8

Rebooting...
���ESP-ROM:esp32s3-20210327
Build:Mar 27 2021
rst:0xc (RTC_SW_CPU_RST),boot:0x8 (SPI_FAST_FLASH_BOOT)
Saved PC:0x40381268
SPIWP:0xee
mode:DIO, clock div:1
load:0x3fce2820,len:0x1668
load:0x403c8700,len:0xec0
load:0x403cb700,len:0x317c
entry 0x403c894c
[0;32mI (29) boot: ESP-IDF v5.5.4 2nd stage bootloader[0m
[0;32mI (29) boot: compile time May 18 2026 18:15:35[0m
[0;32mI (29) boot: Multicore bootloader[0m
[0;32mI (29) boot: chip revision: v0.2[0m
[0;32mI (32) boot: efuse block revision: v1.4[0m
[0;32mI (36) qio_mode: Enabling default flash chip QIO[0m
[0;32mI (40) boot.esp32s3: Boot SPI Speed : 80MHz[0m
[0;32mI (44) boot.esp32s3: SPI Mode       : QIO[0m
[0;32mI (48) boot.esp32s3: SPI Flash Size : 16MB[0m
[0;32mI (51) boot: Enabling RNG early entropy source...[0m
[0;32mI (56) boot: Partition Table:[0m
[0;32mI (59) boot: ## Label            Usage          Type ST Offset   Length[0m
[0;32mI (65) boot:  0 nvs              WiFi data        01 02 00009000 00006000[0m
[0;32mI (71) boot:  1 phy_init         RF data          01 01 0000f000 00001000[0m
[0;32mI (78) boot:  2 factory          factory app      00 00 00010000 007d0000[0m
[0;32mI (84) boot: End of partition table[0m
[0;32mI (88) esp_image: segment 0: paddr=00010020 vaddr=3c150020 size=89a00h (563712) map[0m
[0;32mI (179) esp_image: segment 1: paddr=00099a28 vaddr=3fc9ac00 size=05e98h ( 24216) load[0m
[0;32mI (183) esp_image: segment 2: paddr=0009f8c8 vaddr=40378000 size=00750h (  1872) load[0m
[0;32mI (184) esp_image: segment 3: paddr=000a0020 vaddr=42000020 size=1423e8h (1319912) map[0m
[0;32mI (386) esp_image: segment 4: paddr=001e2410 vaddr=40378750 size=12438h ( 74808) load[0m
[0;32mI (401) esp_image: segment 5: paddr=001f4850 vaddr=50000000 size=00020h (    32) load[0m
[0;32mI (409) boot: Loaded app from partition at offset 0x10000[0m
[0;32mI (409) boot: Disabling RNG early entropy source...[0m
[0;32mI (419) octal_psram: vendor id    : 0x0d (AP)[0m
[0;32mI (419) octal_psram: dev id       : 0x02 (generation 3)[0m
[0;32mI (419) octal_psram: density      : 0x03 (64 Mbit)[0m
[0;32mI (421) octal_psram: good-die     : 0x01 (Pass)[0m
[0;32mI (425) octal_psram: Latency      : 0x01 (Fixed)[0m
[0;32mI (430) octal_psram: VCC          : 0x01 (3V)[0m
[0;32mI (434) octal_psram: SRF          : 0x01 (Fast Refresh)[0m
[0;32mI (439) octal_psram: BurstType    : 0x01 (Hybrid Wrap)[0m
[0;32mI (444) octal_psram: BurstLen     : 0x01 (32 Byte)[0m
[0;32mI (448) octal_psram: Readlatency  : 0x02 (10 cycles@Fixed)[0m
[0;32mI (453) octal_psram: DriveStrength: 0x00 (1/1)[0m
[0;32mI (458) MSPI Timing: Enter psram timing tuning[0m
[0;32mI (462) esp_psram: Found 8MB PSRAM device[0m
[0;32mI (465) esp_psram: Speed: 80MHz[0m
[0;32mI (502) mmu_psram: Read only data copied and mapped to SPIRAM[0m
[0;32mI (594) mmu_psram: Instructions copied and mapped to SPIRAM[0m
[0;32mI (594) cpu_start: Multicore app[0m
[0;32mI (813) esp_psram: SPI SRAM memory test OK[0m
[0;32mI (821) cpu_start: GPIO 44 and 43 are used as console UART I/O pins[0m
[0;32mI (821) cpu_start: Pro cpu start user code[0m
[0;32mI (821) cpu_start: cpu freq: 240000000 Hz[0m
[0;32mI (823) app_init: Application information:[0m
[0;32mI (827) app_init: Project name:     object_detect[0m
[0;32mI (831) app_init: App version:      v0.9.4-256-g68f9e6b[0m
[0;32mI (836) app_init: Compile time:     May 19 2026 09:03:37[0m
[0;32mI (841) app_init: ELF file SHA256:  0219df8e8...[0m
[0;32mI (846) app_init: ESP-IDF:          v5.5.4[0m
[0;32mI (849) efuse_init: Min chip rev:     v0.0[0m
[0;32mI (853) efuse_init: Max chip rev:     v0.99 [0m
[0;32mI (857) efuse_init: Chip rev:         v0.2[0m
[0;32mI (861) heap_init: Initializing. RAM available for dynamic allocation:[0m
[0;32mI (867) heap_init: At 3FCA4278 len 00045498 (277 KiB): RAM[0m
[0;32mI (873) heap_init: At 3FCE9710 len 00005724 (21 KiB): RAM[0m
[0;32mI (878) esp_psram: Adding pool of 6272K of PSRAM memory to heap allocator[0m
[0;32mI (884) esp_psram: Adding pool of 25K of PSRAM memory gap generated due to end address alignment of drom to the heap allocator[0m
[0;32mI (896) spi_flash: detected chip: boya[0m
[0;32mI (899) spi_flash: flash io: qio[0m
[0;32mI (902) sleep_gpio: Configure to isolate all GPIO pins in sleep state[0m
[0;32mI (908) sleep_gpio: Enable automatic switching of GPIO sleep configuration[0m
[0;32mI (915) main_task: Started on CPU0[0m
[0;32mI (928) esp_psram: Reserving pool of 32K of internal memory for DMA/internal allocations[0m
[0;32mI (928) main_task: Calling app_main()[0m
[0;32mI (1229) MAIN: Boot time set: 2026-05-17 10:00:00[0m
[0;32mI (1229) MAIN: === Person Detection + Light Control ===[0m
[0;32mI (1229) MAIN: Frame sample rate  : every 7 frames[0m
[0;32mI (1231) MAIN: Confirm window     : 2 consecutive frames[0m
[0;32mI (1236) MAIN: Score threshold    : 0.60[0m
[0;32mI (1240) MAIN: Brightness thresh  : 100[0m
[0;32mI (1244) MAIN: SD max usage       : 12000 MB[0m
[0;32mI (1248) MAIN: Person trigger GPIO: GPIO 47 | direct HIGH/LOW (no timer)[0m
[0;32mI (1254) MAIN: Person trigger GPIO enabled: GPIO 47 (direct HIGH/LOW, no timer)[0m
[0;33mW (1261) S3-EYE: Warning: Long filenames on SD card are disabled in menuconfig![0m
[0;32mI (1324) MAIN: Loaded state: 20260517_100000 | 132[0m
[0;32mI (1325) MAIN: Restored image counter: 132[0m
[0;32mI (1352) MAIN: SD ready: /sdcard/detections | Used: 0 MB / 12000 MB max[0m
[0;32mI (1352) LightController: Initialized on GPIO21 | threshold=100 | active_HIGH[0m
[0;32mI (1354) MAIN: Loading model...[0m
[0;33mW (1358) FbsLoader: There is only one model in the flatbuffers, ignore the input model name![0m
[0;33mW (1365) FbsLoader: CONFIG_SPIRAM_RODATA or CONFIG_SPIRAM_XIP_FROM_PSRAM option is on, fbs model is copied to PSRAM.[0m
[0;33mW (1463) dl::Model: Minimize() will delete variables not used in model inference, which will make it impossible to test or debug the model.[0m
[0;32mI (1466) MAIN: Model ready.[0m
[0;32mI (1467) s3 ll_cam: DMA Channel=0[0m
[0;32mI (1470) cam_hal: cam init ok[0m
[1;31mE (1983) sccb-ng: SCCB_Write Failed addr:0x21, reg:0xff, data:0x01, ret:259[0m
[1;31mE (1983) sccb-ng: SCCB_Read Failed addr:0x21, reg:0x0a, data:0x60, ret:259[0m
[0;32mI (1985) ov7725: Mismatch PID=0x60[0m
[1;31mE (1988) sccb-ng: SCCB_Write Failed addr:0x21, reg:0xff, data:0x01, ret:259[0m
[1;31mE (1995) sccb-ng: SCCB_Read Failed addr:0x21, reg:0x0a, data:0x60, ret:259[0m
[0;32mI (2002) ov7760: Mismatch PID=0x60[0m
[1;31mE (2005) sccb-ng: SCCB_Read Failed addr:0x21, reg:0xf1, data:0x60, ret:259[0m
[1;31mE (2011) sccb-ng: SCCB_Read Failed addr:0x21, reg:0xf0, data:0x60, ret:259[0m
[0;32mI (2018) gc032a: Mismatch PID=0x6060[0m
[1;31mE (2021) sccb-ng: SCCB_Write Failed addr:0x21, reg:0xfe, data:0x00, ret:259[0m
[1;31mE (2028) sccb-ng: SCCB_Read Failed addr:0x21, reg:0x00, data:0x60, ret:259[0m
[0;32mI (2034) gc0308: Mismatch PID=0x60[0m
[0;32mI (2039) camera: Camera PID=0x3660 VER=0x00 MIDL=0x00 MIDH=0x00[0m
[0;32mI (2043) camera: Detected OV3660 camera[0m
[0;32mI (2047) camera: Detected camera at address=0x3c[0m
[0;32mI (2356) cam_hal: PSRAM DMA mode enabled[0m
[0;32mI (2356) s3 ll_cam: node_size: 3840, nodes_per_line: 1, lines_per_node: 8[0m
[0;32mI (2356) s3 ll_cam: dma_half_buffer_min:  3840, dma_half_buffer: 11520, lines_per_half_buffer: 24, dma_buffer_size: 115200[0m
[0;32mI (2365) cam_hal: buffer_size: 115200, half_buffer_size: 11520, node_buffer_size: 3840, node_cnt: 30, total_cnt: 11[0m
[0;32mI (2375) cam_hal: Allocating 126736 Byte frame buffer in PSRAM[0m
[0;32mI (2381) cam_hal: Frame[0]: Offset: 16, Addr: 0x3C273560[0m
[0;32mI (2386) cam_hal: Allocating 126736 Byte frame buffer in PSRAM[0m
[0;32mI (2392) cam_hal: Frame[1]: Offset: 16, Addr: 0x3C292490[0m
[0;32mI (2397) cam_hal: Allocating 126736 Byte frame buffer in PSRAM[0m
[0;32mI (2402) cam_hal: Frame[2]: Offset: 16, Addr: 0x3C2B13C0[0m
[0;32mI (2407) cam_hal: Allocating 126736 Byte frame buffer in PSRAM[0m
[0;32mI (2413) cam_hal: Frame[3]: Offset: 16, Addr: 0x3C2D02F0[0m
[0;32mI (2418) cam_hal: Allocating 126736 Byte frame buffer in PSRAM[0m
[0;32mI (2423) cam_hal: Frame[4]: Offset: 16, Addr: 0x3C2EF220[0m
[0;32mI (2429) cam_hal: cam config ok[0m
[0;32mI (2443) ov3660: Calculated VCO: 128000000 Hz, PLLCLK: 128000000 Hz, SYSCLK: 32000000 Hz, PCLK: 8000000 Hz[0m
[0;32mI (2460) s3 ll_cam: DMA Channel=0[0m
[0;32mI (2460) cam_hal: cam init ok[0m
[0;32mI (2971) camera: Camera PID=0x3660 VER=0x00 MIDL=0x00 MIDH=0x00[0m
[0;32mI (2971) camera: Detected OV3660 camera[0m
[0;32mI (2971) camera: Detected camera at address=0x3c[0m
[0;32mI (3279) cam_hal: PSRAM DMA mode enabled[0m
[0;32mI (3279) s3 ll_cam: node_size: 3840, nodes_per_line: 1, lines_per_node: 8[0m
[0;32mI (3279) s3 ll_cam: dma_half_buffer_min:  3840, dma_half_buffer: 11520, lines_per_half_buffer: 24, dma_buffer_size: 115200[0m
[0;32mI (3288) cam_hal: buffer_size: 115200, half_buffer_size: 11520, node_buffer_size: 3840, node_cnt: 30, total_cnt: 11[0m
[0;32mI (3298) cam_hal: Allocating 126736 Byte frame buffer in PSRAM[0m
[0;32mI (3304) cam_hal: Frame[0]: Offset: 16, Addr: 0x3C273560[0m
[0;32mI (3309) cam_hal: Allocating 126736 Byte frame buffer in PSRAM[0m
[0;32mI (3315) cam_hal: Frame[1]: Offset: 16, Addr: 0x3C292490[0m
[0;32mI (3320) cam_hal: Allocating 126736 Byte frame buffer in PSRAM[0m
[0;32mI (3325) cam_hal: Frame[2]: Offset: 16, Addr: 0x3C2B13C0[0m
[0;32mI (3330) cam_hal: Allocating 126736 Byte frame buffer in PSRAM[0m
[0;32mI (3336) cam_hal: Frame[3]: Offset: 16, Addr: 0x3C2D02F0[0m
[0;32mI (3341) cam_hal: Allocating 126736 Byte frame buffer in PSRAM[0m
[0;32mI (3346) cam_hal: Frame[4]: Offset: 16, Addr: 0x3C2EF220[0m
[0;32mI (3352) cam_hal: cam config ok[0m
[0;32mI (3366) ov3660: Calculated VCO: 128000000 Hz, PLLCLK: 128000000 Hz, SYSCLK: 32000000 Hz, PCLK: 8000000 Hz[0m
[0;32mI (3382) WhoS3Cam: WhoS3Cam args: vertical_flip=0 horizontal_flip=1 -> sensor vflip=1 hmirror=0[0m
[0;32mI (3385) MAIN: Running from 2026-05-17 10:00:02 | Every 7 frames | 2-frame confirm | Score >= 0.60[0m
[0;32mI (3388) main_task: Returned from app_main()[0m
[0;32mI (4247) MAIN: [2026-05-17 10:00:03] No person confirmed (2/2) | f1=N f2=N | Brightness: 126 | Light: OFF[0m
[0;32mI (4796) MAIN: [2026-05-17 10:00:03] No person confirmed (2/2) | f1=N f2=N | Brightness: 125 | Light: OFF[0m
[0;32mI (5346) MAIN: [2026-05-17 10:00:04] No person confirmed (2/2) | f1=N f2=N | Brightness: 120 | Light: OFF[0m
[0;32mI (5896) MAIN: [2026-05-17 10:00:05] No person confirmed (2/2) | f1=N f2=N | Brightness: 119 | Light: OFF[0m
[0;32mI (6446) MAIN: [2026-05-17 10:00:05] No person confirmed (2/2) | f1=N f2=N | Brightness: 129 | Light: OFF[0m
[0;32mI (6996) MAIN: [2026-05-17 10:00:06] No person confirmed (2/2) | f1=N f2=N | Brightness: 121 | Light: OFF[0m
[0;32mI (7547) MAIN: [2026-05-17 10:00:06] No person confirmed (2/2) | f1=N f2=N | Brightness: 130 | Light: OFF[0m
[0;32mI (8097) MAIN: [2026-05-17 10:00:07] No person confirmed (2/2) | f1=N f2=N | Brightness: 124 | Light: OFF[0m
[0;32mI (8647) MAIN: [2026-05-17 10:00:07] No person confirmed (2/2) | f1=N f2=N | Brightness: 127 | Light: OFF[0m
[0;32mI (9197) MAIN: [2026-05-17 10:00:08] No person confirmed (2/2) | f1=N f2=N | Brightness: 127 | Light: OFF[0m
[0;32mI (9747) MAIN: [2026-05-17 10:00:08] No person confirmed (2/2) | f1=N f2=N | Brightness: 126 | Light: OFF[0m
[0;32mI (10297) MAIN: [2026-05-17 10:00:09] No person confirmed (2/2) | f1=N f2=N | Brightness: 126 | Light: OFF[0m
[0;32mI (10848) MAIN: [2026-05-17 10:00:09] No person confirmed (2/2) | f1=N f2=N | Brightness: 127 | Light: OFF[0m
[0;32mI (11398) MAIN: [2026-05-17 10:00:10] No person confirmed (2/2) | f1=N f2=N | Brightness: 128 | Light: OFF[0m
[0;32mI (11948) MAIN: [2026-05-17 10:00:11] No person confirmed (2/2) | f1=N f2=N | Brightness: 129 | Light: OFF[0m
[0;32mI (12498) MAIN: [2026-05-17 10:00:11] No person confirmed (2/2) | f1=N f2=N | Brightness: 140 | Light: OFF[0m
[0;32mI (13048) MAIN: [2026-05-17 10:00:12] No person confirmed (2/2) | f1=N f2=N | Brightness: 123 | Light: OFF[0m
[0;32mI (13598) MAIN: [2026-05-17 10:00:12] No person confirmed (2/2) | f1=N f2=N | Brightness: 139 | Light: OFF[0m
[0;32mI (14148) MAIN: [2026-05-17 10:00:13] No person confirmed (2/2) | f1=N f2=N | Brightness: 138 | Light: OFF[0m
[0;32mI (14698) MAIN: [2026-05-17 10:00:13] No person confirmed (2/2) | f1=N f2=N | Brightness: 142 | Light: OFF[0m
[0;32mI (15249) MAIN: [2026-05-17 10:00:14] No person confirmed (2/2) | f1=N f2=N | Brightness: 141 | Light: OFF[0m
ay 19 2026 09:03:37
[0;32mI (837) app_init: ELF file SHA256:  0219df8e8...[0m
[0;32mI (841) app_init: ESP-IDF:          v5.5.4[0m
[0;32mI (845) efuse_init: Min chip rev:     v0.0[0m
[0;32mI (849) efuse_init: Max chip rev:     v0.99 [0m
[0;32mI (853) efuse_init: Chip rev:         v0.2[0m
[0;32mI (857) heap_init: Initializing. RAM available for dynamic allocation:[0m
[0;32mI (863) heap_init: At 3FCA4278 len 00045498 (277 KiB): RAM[0m
[0;32mI (868) heap_init: At 3FCE9710 len 00005724 (21 KiB): RAM[0m
[0;32mI (873) esp_psram: Adding pool of 6272K of PSRAM memory to heap allocator[0m
[0;32mI (880) esp_psram: Adding pool of 25K of PSRAM memory gap generated due to end address alignment of drom to the heap allocator[0m
[0;32mI (891) spi_flash: detected chip: boya[0m
[0;32mI (894) spi_flash: flash io: qio[0m
[0;32mI (898) sleep_gpio: Configure to isolate all GPIO pins in sleep state[0m
[0;32mI (904) sleep_gpio: Enable automatic switching of GPIO sleep configuration[0m
[0;32mI (911) main_task: Started on CPU0[0m
[0;32mI (924) esp_psram: Reserving pool of 32K of internal memory for DMA/internal allocations[0m
[0;32mI (924) main_task: Calling app_main()[0m
[0;32mI (1225) MAIN: Boot time set: 2026-05-17 10:00:00[0m
[0;32mI (1225) MAIN: === Person Detection + Light Control ===[0m
[0;32mI (1225) MAIN: Frame sample rate  : every 7 frames[0m
[0;32mI (1227) MAIN: Confirm window     : 2 consecutive frames[0m
[0;32mI (1232) MAIN: Score threshold    : 0.60[0m
[0;32mI (1236) MAIN: Brightness thresh  : 100[0m
[0;32mI (1240) MAIN: SD max usage       : 12000 MB[0m
[0;32mI (1244) MAIN: Person trigger GPIO: GPIO 47 | direct HIGH/LOW (no timer)[0m
[0;32mI (1250) MAIN: Person trigger GPIO enabled: GPIO 47 (direct HIGH/LOW, no timer)[0m
[0;33mW (1257) S3-EYE: Warning: Long filenames on SD card are disabled in menuconfig![0m
[0;32mI (1431) MAIN: Loaded state: 20260517_100000 | 132[0m
[0;32mI (1431) MAIN: Restored image counter: 132[0m
[0;32mI (1458) MAIN: SD ready: /sdcard/detections | Used: 0 MB / 12000 MB max[0m
[0;32mI (1458) LightController: Initialized on GPIO21 | threshold=100 | active_HIGH[0m
[0;32mI (1460) MAIN: Loading model...[0m
[0;33mW (1464) FbsLoader: There is only one model in the flatbuffers, ignore the input model name![0m
[0;33mW (1471) FbsLoader: CONFIG_SPIRAM_RODATA or CONFIG_SPIRAM_XIP_FROM_PSRAM option is on, fbs model is copied to PSRAM.[0m
[0;33mW (1569) dl::Model: Minimize() will delete variables not used in model inference, which will make it impossible to test or debug the model.[0m
[0;32mI (1572) MAIN: Model ready.[0m
[0;32mI (1574) s3 ll_cam: DMA Channel=0[0m
[0;32mI (1576) cam_hal: cam init ok[0m
[0;32mI (2090) camera: Camera PID=0x3660 VER=0x00 MIDL=0x00 MIDH=0x00[0m
[0;32mI (2090) camera: Detected OV3660 camera[0m
[0;32mI (2090) camera: Detected camera at address=0x3c[0m
[0;32mI (2398) cam_hal: PSRAM DMA mode enabled[0m
[0;32mI (2398) s3 ll_cam: node_size: 3840, nodes_per_line: 1, lines_per_node: 8[0m
[0;32mI (2398) s3 ll_cam: dma_half_buffer_min:  3840, dma_half_buffer: 11520, lines_per_half_buffer: 24, dma_buffer_size: 115200[0m
[0;32mI (2407) cam_hal: buffer_size: 115200, half_buffer_size: 11520, node_buffer_size: 3840, node_cnt: 30, total_cnt: 11[0m
[0;32mI (2417) cam_hal: Allocating 126736 Byte frame buffer in PSRAM[0m
[0;32mI (2423) cam_hal: Frame[0]: Offset: 16, Addr: 0x3C273560[0m
[0;32mI (2428) cam_hal: Allocating 126736 Byte frame buffer in PSRAM[0m
[0;32mI (2434) cam_hal: Frame[1]: Offset: 16, Addr: 0x3C292490[0m
[0;32mI (2439) cam_hal: Allocating 126736 Byte frame buffer in PSRAM[0m
[0;32mI (2444) cam_hal: Frame[2]: Offset: 16, Addr: 0x3C2B13C0[0m
[0;32mI (2449) cam_hal: Allocating 126736 Byte frame buffer in PSRAM[0m
[0;32mI (2455) cam_hal: Frame[3]: Offset: 16, Addr: 0x3C2D02F0[0m
[0;32mI (2460) cam_hal: Allocating 126736 Byte frame buffer in PSRAM[0m
[0;32mI (2465) cam_hal: Frame[4]: Offset: 16, Addr: 0x3C2EF220[0m
[0;32mI (2471) cam_hal: cam config ok[0m
[0;32mI (2485) ov3660: Calculated VCO: 128000000 Hz, PLLCLK: 128000000 Hz, SYSCLK: 32000000 Hz, PCLK: 8000000 Hz[0m
[0;32mI (2502) s3 ll_cam: DMA Channel=0[0m
[0;32mI (2502) cam_hal: cam init ok[0m
[0;32mI (3013) camera: Camera PID=0x3660 VER=0x00 MIDL=0x00 MIDH=0x00[0m
[0;32mI (3013) camera: Detected OV3660 camera[0m
[0;32mI (3013) camera: Detected camera at address=0x3c[0m
[0;32mI (3321) cam_hal: PSRAM DMA mode enabled[0m
[0;32mI (3321) s3 ll_cam: node_size: 3840, nodes_per_line: 1, lines_per_node: 8[0m
[0;32mI (3321) s3 ll_cam: dma_half_buffer_min:  3840, dma_half_buffer: 11520, lines_per_half_buffer: 24, dma_buffer_size: 115200[0m
[0;32mI (3330) cam_hal: buffer_size: 115200, half_buffer_size: 11520, node_buffer_size: 3840, node_cnt: 30, total_cnt: 11[0m
[0;32mI (3340) cam_hal: Allocating 126736 Byte frame buffer in PSRAM[0m
[0;32mI (3346) cam_hal: Frame[0]: Offset: 16, Addr: 0x3C273560[0m
[0;32mI (3351) cam_hal: Allocating 126736 Byte frame buffer in PSRAM[0m
[0;32mI (3357) cam_hal: Frame[1]: Offset: 16, Addr: 0x3C292490[0m
[0;32mI (3362) cam_hal: Allocating 126736 Byte frame buffer in PSRAM[0m
[0;32mI (3367) cam_hal: Frame[2]: Offset: 16, Addr: 0x3C2B13C0[0m
[0;32mI (3372) cam_hal: Allocating 126736 Byte frame buffer in PSRAM[0m
[0;32mI (3378) cam_hal: Frame[3]: Offset: 16, Addr: 0x3C2D02F0[0m
[0;32mI (3383) cam_hal: Allocating 126736 Byte frame buffer in PSRAM[0m
[0;32mI (3388) cam_hal: Frame[4]: Offset: 16, Addr: 0x3C2EF220[0m
[0;32mI (3394) cam_hal: cam config ok[0m
[0;32mI (3408) ov3660: Calculated VCO: 128000000 Hz, PLLCLK: 128000000 Hz, SYSCLK: 32000000 Hz, PCLK: 8000000 Hz[0m
[0;32mI (3424) WhoS3Cam: WhoS3Cam args: vertical_flip=0 horizontal_flip=1 -> sensor vflip=1 hmirror=0[0m
[0;32mI (3427) MAIN: Running from 2026-05-17 10:00:02 | Every 7 frames | 2-frame confirm | Score >= 0.60[0m
[0;32mI (3430) main_task: Returned from app_main()[0m
[0;32mI (4290) MAIN: [2026-05-17 10:00:03] PERSON confirmed (2/2) | score=0.755 | box=[0,0,197,239] | Brightness: 133 | Light: OFF[0m
[0;32mI (4451) MAIN: Saved: det_20260517_100000_0132.jpg | score=0.755 | 2026-05-17 10:00:03[0m
[0;32mI (4989) MAIN: [2026-05-17 10:00:04] PERSON confirmed (2/2) | score=0.824 | box=[0,3,216,239] | Brightness: 135 | Light: OFF[0m
[0;32mI (5539) MAIN: [2026-05-17 10:00:04] PERSON confirmed (2/2) | score=0.776 | box=[0,7,224,239] | Brightness: 137 | Light: OFF[0m
[0;32mI (6089) MAIN: [2026-05-17 10:00:05] No person confirmed (2/2) | f1=N f2=N | Brightness: 137 | Light: OFF[0m
[0;32mI (6639) MAIN: [2026-05-17 10:00:05] No person confirmed (2/2) | f1=Y f2=N | Brightness: 146 | Light: OFF[0m
[0;32mI (7189) MAIN: [2026-05-17 10:00:06] No person confirmed (2/2) | f1=N f2=N | Brightness: 131 | Light: OFF[0m
[0;32mI (7739) MAIN: [2026-05-17 10:00:06] No person confirmed (2/2) | f1=N f2=N | Brightness: 138 | Light: OFF[0m
[0;32mI (8289) MAIN: [2026-05-17 10:00:07] No person confirmed (2/2) | f1=N f2=N | Brightness: 138 | Light: OFF[0m
[0;32mI (8839) MAIN: [2026-05-17 10:00:07] No person confirmed (2/2) | f1=N f2=N | Brightness: 138 | Light: OFF[0m
[0;32mI (9389) MAIN: [2026-05-17 10:00:08] No person confirmed (2/2) | f1=N f2=N | Brightness: 129 | Light: OFF[0m
[0;32mI (9940) MAIN: [2026-05-17 10:00:09] No person confirmed (2/2) | f1=N f2=Y | Brightness: 135 | Light: OFF[0m
[0;32mI (10490) MAIN: [2026-05-17 10:00:09] PERSON confirmed (2/2) | score=0.612 | box=[0,83,121,239] | Brightness: 129 | Light: OFF[0m
[0;32mI (10646) MAIN: Saved: det_20260517_100000_0133.jpg | score=0.612 | 2026-05-17 10:00:09[0m
[0;32mI (11190) MAIN: [2026-05-17 10:00:10] No person confirmed (2/2) | f1=N f2=N | Brightness: 131 | Light: OFF[0m
[0;32mI (11740) MAIN: [2026-05-17 10:00:10] No person confirmed (2/2) | f1=N f2=N | Brightness: 124 | Light: OFF[0m
[0;32mI (12290) MAIN: [2026-05-17 10:00:11] No person confirmed (2/2) | f1=N f2=N | Brightness: 132 | Light: OFF[0m
[0;32mI (12840) MAIN: [2026-05-17 10:00:11] No person confirmed (2/2) | f1=N f2=N | Brightness: 150 | Light: OFF[0m
[0;32mI (13390) MAIN: [2026-05-17 10:00:12] No person confirmed (2/2) | f1=N f2=N | Brightness: 124 | Light: OFF[0m
[0;32mI (13941) MAIN: [2026-05-17 10:00:13] No person confirmed (2/2) | f1=N f2=N | Brightness: 135 | Light: OFF[0m
[0;32mI (14491) MAIN: [2026-05-17 10:00:13] No person confirmed (2/2) | f1=N f2=N | Brightness: 133 | Light: OFF[0m
[0;32mI (15041) MAIN: [2026-05-17 10:00:14] No person confirmed (2/2) | f1=N f2=N | Brightness: 132 | Light: OFF[0m
[0;32mI (15591) MAIN: [2026-05-17 10:00:14] No person confirmed (2/2) | f1=N f2=N | Brightness: 131 | Light: OFF[0m
[0;32mI (16141) MAIN: [2026-05-17 10:00:15] No person confirmed (2/2) | f1=N f2=N | Brightness: 134 | Light: OFF[0m
[0;32mI (16691) MAIN: [2026-05-17 10:00:15] No person confirmed (2/2) | f1=N f2=N | Brightness: 128 | Light: OFF[0m
[0;32mI (17242) MAIN: [2026-05-17 10:00:16] No person confirmed (2/2) | f1=N f2=N | Brightness: 130 | Light: OFF[0m
[0;32mI (17792) MAIN: [2026-05-17 10:00:16] No person confirmed (2/2) | f1=N f2=N | Brightness: 137 | Light: OFF[0m
[0;32mI (18342) MAIN: [2026-05-17 10:00:17] No person confirmed (2/2) | f1=N f2=N | Brightness: 137 | Light: OFF[0m
[0;32mI (18892) MAIN: [2026-05-17 10:00:18] No person confirmed (2/2) | f1=N f2=N | Brightness: 139 | Light: OFF[0m
[0;32mI (19442) MAIN: [2026-05-17 10:00:18] No person confirmed (2/2) | f1=N f2=N | Brightness: 143 | Light: OFF[0m
[0;32mI (19992) MAIN: [2026-05-17 10:00:19] No person confirmed (2/2) | f1=N f2=N | Brightness: 142 | Light: OFF[0m
[0;32mI (20542) MAIN: [2026-05-17 10:00:19] No person confirmed (2/2) | f1=N f2=N | Brightness: 141 | Light: OFF[0m
[0;32mI (21093) MAIN: [2026-05-17 10:00:20] No person confirmed (2/2) | f1=N f2=N | Brightness: 146 | Light: OFF[0m
[0;32mI (21643) MAIN: [2026-05-17 10:00:20] No person confirmed (2/2) | f1=N f2=N | Brightness: 144 | Light: OFF[0m
[0;32mI (22193) MAIN: [2026-05-17 10:00:21] No person confirmed (2/2) | f1=N f2=N | Brightness: 121 | Light: OFF[0m
[0;32mI (22743) MAIN: [2026-05-17 10:00:21] No person confirmed (2/2) | f1=N f2=N | Brightness: 129 | Light: OFF[0m
[0;32mI (23293) MAIN: [2026-05-17 10:00:22] No person confirmed (2/2) | f1=N f2=N | Brightness: 124 | Light: OFF[0m
[0;32mI (23843) MAIN: [2026-05-17 10:00:22] No person confirmed (2/2) | f1=N f2=N | Brightness: 138 | Light: OFF[0m
[0;32mI (24394) MAIN: [2026-05-17 10:00:23] No person confirmed (2/2) | f1=N f2=Y | Brightness: 125 | Light: OFF[0m
[0;32mI (24944) MAIN: [2026-05-17 10:00:24] PERSON confirmed (2/2) | score=0.960 | box=[0,34,239,239] | Brightness: 133 | Light: OFF[0m
[0;32mI (25098) MAIN: Saved: det_20260517_100000_0134.jpg | score=0.960 | 2026-05-17 10:00:24[0m
[0;32mI (25644) MAIN: [2026-05-17 10:00:24] No person confirmed (2/2) | f1=N f2=N | Brightness: 147 | Light: OFF[0m
[0;32mI (26194) MAIN: [2026-05-17 10:00:25] No person confirmed (2/2) | f1=N f2=N | Brightness: 127 | Light: OFF[0m
[0;32mI (26744) MAIN: [2026-05-17 10:00:25] No person confirmed (2/2) | f1=N f2=N | Brightness: 132 | Light: OFF[0m
[0;32mI (27294) MAIN: [2026-05-17 10:00:26] No person confirmed (2/2) | f1=N f2=N | Brightness: 133 | Light: OFF[0m
[0;32mI (27844) MAIN: [2026-05-17 10:00:26] No person confirmed (2/2) | f1=N f2=N | Brightness: 125 | Light: OFF[0m
[0;32mI (28395) MAIN: [2026-05-17 10:00:27] No person confirmed (2/2) | f1=N f2=N | Brightness: 132 | Light: OFF[0m
[0;32mI (28945) MAIN: [2026-05-17 10:00:28] No person confirmed (2/2) | f1=N f2=N | Brightness: 132 | Light: OFF[0m
[0;32mI (29495) MAIN: [2026-05-17 10:00:28] No person confirmed (2/2) | f1=N f2=N | Brightness: 133 | Light: OFF[0m
[0;32mI (30045) MAIN: [2026-05-17 10:00:29] No person confirmed (2/2) | f1=N f2=N | Brightness: 132 | Light: OFF[0m
[0;32mI (30595) MAIN: [2026-05-17 10:00:29] No person confirmed (2/2) | f1=N f2=N | Brightness: 132 | Light: OFF[0m
[0;32mI (31145) MAIN: [2026-05-17 10:00:30] No person confirmed (2/2) | f1=N f2=N | Brightness: 135 | Light: OFF[0m
[0;32mI (31696) MAIN: [2026-05-17 10:00:30] No person confirmed (2/2) | f1=N f2=N | Brightness: 137 | Light: OFF[0m
[0;32mI (32246) MAIN: [2026-05-17 10:00:31] No person confirmed (2/2) | f1=N f2=N | Brightness: 136 | Light: OFF[0m
[0;32mI (32796) MAIN: [2026-05-17 10:00:31] No person confirmed (2/2) | f1=N f2=N | Brightness: 136 | Light: OFF[0m
[0;32mI (33347) MAIN: [2026-05-17 10:00:32] No person confirmed (2/2) | f1=N f2=N | Brightness: 129 | Light: OFF[0m
[0;32mI (33896) MAIN: [2026-05-17 10:00:33] No person confirmed (2/2) | f1=N f2=N | Brightness: 144 | Light: OFF[0m
[0;32mI (34446) MAIN: [2026-05-17 10:00:33] No person confirmed (2/2) | f1=N f2=N | Brightness: 150 | Light: OFF[0m
[0;32mI (34996) MAIN: [2026-05-17 10:00:34] No person confirmed (2/2) | f1=N f2=N | Brightness: 152 | Light: OFF[0m
[0;32mI (35547) MAIN: [2026-05-17 10:00:34] No person confirmed (2/2) | f1=N f2=N | Brightness: 130 | Light: OFF[0m
[0;32mI (36097) MAIN: [2026-05-17 10:00:35] No person confirmed (2/2) | f1=N f2=N | Brightness: 148 | Light: OFF[0m
[0;32mI (36647) MAIN: [2026-05-17 10:00:35] No person confirmed (2/2) | f1=N f2=N | Brightness: 148 | Light: OFF[0m
[0;32mI (37197) MAIN: [2026-05-17 10:00:36] No person confirmed (2/2) | f1=N f2=N | Brightness: 157 | Light: OFF[0m
[0;32mI (37747) MAIN: [2026-05-17 10:00:36] No person confirmed (2/2) | f1=N f2=N | Brightness: 143 | Light: OFF[0m
[0;32mI (38298) MAIN: [2026-05-17 10:00:37] No person confirmed (2/2) | f1=N f2=N | Brightness: 152 | Light: OFF[0m
[0;32mI (38848) MAIN: [2026-05-17 10:00:37] No person confirmed (2/2) | f1=N f2=N | Brightness: 150 | Light: OFF[0m
[0;32mI (39398) MAIN: [2026-05-17 10:00:38] No person confirmed (2/2) | f1=N f2=Y | Brightness: 129 | Light: OFF[0m
[0;32mI (39948) MAIN: [2026-05-17 10:00:39] No person confirmed (2/2) | f1=N f2=N | Brightness: 119 | Light: OFF[0m
[0;32mI (40498) MAIN: [2026-05-17 10:00:39] No person confirmed (2/2) | f1=N f2=N | Brightness: 191 | Light: OFF[0m
[0;32mI (41048) MAIN: [2026-05-17 10:00:40] No person confirmed (2/2) | f1=N f2=N | Brightness: 145 | Light: OFF[0m
[0;32mI (41598) MAIN: [2026-05-17 10:00:40] No person confirmed (2/2) | f1=N f2=N | Brightness: 191 | Light: OFF[0m
[0;32mI (42148) MAIN: [2026-05-17 10:00:41] No person confirmed (2/2) | f1=N f2=N | Brightness: 154 | Light: OFF[0m
[0;32mI (42699) MAIN: [2026-05-17 10:00:41] No person confirmed (2/2) | f1=N f2=N | Brightness: 164 | Light: OFF[0m
[0;32mI (43249) MAIN: [2026-05-17 10:00:42] No person confirmed (2/2) | f1=N f2=N | Brightness: 119 | Light: OFF[0m
[0;32mI (43799) MAIN: [2026-05-17 10:00:42] No person confirmed (2/2) | f1=N f2=N | Brightness: 118 | Light: OFF[0m
[0;32mI (44349) MAIN: [2026-05-17 10:00:43] No person confirmed (2/2) | f1=N f2=N | Brightness: 112 | Light: OFF[0m
[0;32mI (44899) MAIN: [2026-05-17 10:00:44] No person confirmed (2/2) | f1=N f2=N | Brightness: 138 | Light: OFF[0m
[0;32mI (45449) MAIN: [2026-05-17 10:00:44] No person confirmed (2/2) | f1=N f2=N | Brightness: 128 | Light: OFF[0m
[0;32mI (46000) MAIN: [2026-05-17 10:00:45] No person confirmed (2/2) | f1=N f2=N | Brightness: 118 | Light: OFF[0m
[0;32mI (46550) MAIN: [2026-05-17 10:00:45] No person confirmed (2/2) | f1=N f2=N | Brightness: 113 | Light: OFF[0m
[0;32mI (47100) MAIN: [2026-05-17 10:00:46] No person confirmed (2/2) | f1=N f2=N | Brightness: 127 | Light: OFF[0m
[0;32mI (47650) MAIN: [2026-05-17 10:00:46] No person confirmed (2/2) | f1=N f2=N | Brightness: 128 | Light: OFF[0m
[0;32mI (48200) MAIN: [2026-05-17 10:00:47] No person confirmed (2/2) | f1=N f2=N | Brightness: 127 | Light: OFF[0m
[0;32mI (48750) MAIN: [2026-05-17 10:00:47] No person confirmed (2/2) | f1=N f2=N | Brightness: 127 | Light: OFF[0m
[0;32mI (49301) MAIN: [2026-05-17 10:00:48] No person confirmed (2/2) | f1=N f2=N | Brightness: 127 | Light: OFF[0m
[0;32mI (49851) MAIN: [2026-05-17 10:00:48] No person confirmed (2/2) | f1=N f2=N | Brightness: 127 | Light: OFF[0m
[0;32mI (50401) MAIN: [2026-05-17 10:00:49] No person confirmed (2/2) | f1=N f2=N | Brightness: 126 | Light: OFF[0m
[0;32mI (50951) MAIN: [2026-05-17 10:00:50] No person confirmed (2/2) | f1=N f2=N | Brightness: 125 | Light: OFF[0m
[0;32mI (51501) MAIN: [2026-05-17 10:00:50] No person confirmed (2/2) | f1=N f2=N | Brightness: 150 | Light: OFF[0m
[0;32mI (52051) MAIN: [2026-05-17 10:00:51] No person confirmed (2/2) | f1=N f2=N | Brightness: 117 | Light: OFF[0m
[0;32mI (52601) MAIN: [2026-05-17 10:00:51] No person confirmed (2/2) | f1=N f2=N | Brightness: 142 | Light: OFF[0m
[0;32mI (53152) MAIN: [2026-05-17 10:00:52] No person confirmed (2/2) | f1=N f2=N | Brightness: 132 | Light: OFF[0m
[0;32mI (53702) MAIN: [2026-05-17 10:00:52] No person confirmed (2/2) | f1=N f2=N | Brightness: 113 | Light: OFF[0m
[0;32mI (54252) MAIN: [2026-05-17 10:00:53] No person confirmed (2/2) | f1=N f2=N | Brightness: 105 | Light: OFF[0m
[0;32mI (54802) MAIN: [2026-05-17 10:00:53] No person confirmed (2/2) | f1=N f2=N | Brightness: 105 | Light: OFF[0m
[0;32mI (55352) MAIN: [2026-05-17 10:00:54] No person confirmed (2/2) | f1=N f2=N | Brightness: 104 | Light: OFF[0m
[0;32mI (55902) MAIN: [2026-05-17 10:00:55] No person confirmed (2/2) | f1=N f2=N | Brightness: 104 | Light: OFF[0m
[0;32mI (56453) MAIN: [2026-05-17 10:00:55] No person confirmed (2/2) | f1=N f2=N | Brightness: 104 | Light: OFF[0m
[0;32mI (57003) MAIN: [2026-05-17 10:00:56] No person confirmed (2/2) | f1=N f2=N | Brightness: 104 | Light: OFF[0m
[0;32mI (57553) MAIN: [2026-05-17 10:00:56] No person confirmed (2/2) | f1=N f2=N | Brightness: 104 | Light: OFF[0m
[0;32mI (58103) MAIN: [2026-05-17 10:00:57] No person confirmed (2/2) | f1=N f2=N | Brightness: 104 | Light: OFF[0m
[0;32mI (58653) MAIN: [2026-05-17 10:00:57] No person confirmed (2/2) | f1=N f2=N | Brightness: 104 | Light: OFF[0m
[0;32mI (59203) MAIN: [2026-05-17 10:00:58] No person confirmed (2/2) | f1=N f2=N | Brightness: 104 | Light: OFF[0m
[0;32mI (59753) MAIN: [2026-05-17 10:00:58] No person confirmed (2/2) | f1=N f2=N | Brightness: 104 | Light: OFF[0m
[0;32mI (60304) MAIN: [2026-05-17 10:00:59] No person confirmed (2/2) | f1=N f2=N | Brightness: 104 | Light: OFF[0m
[0;32mI (60854) MAIN: [2026-05-17 10:00:59] No person confirmed (2/2) | f1=N f2=N | Brightness: 104 | Light: OFF[0m
[0;32mI (498) mmu_psram: Read only data copied and mapped to SPIRAM[0m
[0;32mI (589) mmu_psram: Instructions copied and mapped to SPIRAM[0m
[0;32mI (590) cpu_start: Multicore app[0m
[0;32mI (808) esp_psram: SPI SRAM memory test OK[0m
[0;32mI (816) cpu_start: GPIO 44 and 43 are used as console UART I/O pins[0m
[0;32mI (817) cpu_start: Pro cpu start user code[0m
[0;32mI (817) cpu_start: cpu freq: 240000000 Hz[0m
[0;32mI (819) app_init: Application information:[0m
[0;32mI (823) app_init: Project name:     object_detect[0m
[0;32mI (827) app_init: App version:      v0.9.4-256-g68f9e6b[0m
[0;32mI (832) app_init: Compile time:     May 19 2026 09:03:37[0m
[0;32mI (837) app_init: ELF file SHA256:  0219df8e8...[0m
[0;32mI (841) app_init: ESP-IDF:          v5.5.4[0m
[0;32mI (845) efuse_init: Min chip rev:     v0.0[0m
[0;32mI (849) efuse_init: Max chip rev:     v0.99 [0m
[0;32mI (853) efuse_init: Chip rev:         v0.2[0m
[0;32mI (857) heap_init: Initializing. RAM available for dynamic allocation:[0m
[0;32mI (863) heap_init: At 3FCA4278 len 00045498 (277 KiB): RAM[0m
[0;32mI (868) heap_init: At 3FCE9710 len 00005724 (21 KiB): RAM[0m
[0;32mI (873) esp_psram: Adding pool of 6272K of PSRAM memory to heap allocator[0m
[0;32mI (880) esp_psram: Adding pool of 25K of PSRAM memory gap generated due to end address alignment of drom to the heap allocator[0m
[0;32mI (891) spi_flash: detected chip: boya[0m
[0;32mI (894) spi_flash: flash io: qio[0m
[0;32mI (898) sleep_gpio: Configure to isolate all GPIO pins in sleep state[0m
[0;32mI (904) sleep_gpio: Enable automatic switching of GPIO sleep configuration[0m
[0;32mI (911) main_task: Started on CPU0[0m
[0;32mI (924) esp_psram: Reserving pool of 32K of internal memory for DMA/internal allocations[0m
[0;32mI (924) main_task: Calling app_main()[0m
[0;32mI (1225) MAIN: Boot time set: 2026-05-17 10:00:00[0m
[0;32mI (1225) MAIN: === Person Detection + Light Control ===[0m
[0;32mI (1225) MAIN: Frame sample rate  : every 7 frames[0m
[0;32mI (1227) MAIN: Confirm window     : 2 consecutive frames[0m
[0;32mI (1232) MAIN: Score threshold    : 0.60[0m
[0;32mI (1236) MAIN: Brightness thresh  : 100[0m
[0;32mI (1240) MAIN: SD max usage       : 12000 MB[0m
[0;32mI (1244) MAIN: Person trigger GPIO: GPIO 47 | direct HIGH/LOW (no timer)[0m
